1784362229.294,$GNRMC,081029.00,A,1451.06312,N,10205.00753,E,0.027,,180726,0.76,W,D,V*54
1784362229.295,$GNVTG,,T,,M,0.027,N,0.049,K,D*30
1784362229.296,$GNGGA,081029.00,1451.06312,N,10205.00753,E,2,12,0.49,265.4,M,-24.5,M,,0499*62
1784362229.296,$GNGSA,A,3,10,25,32,18,28,23,12,,,,,,1.07,0.49,0.95,1*00
1784362229.297,$GNGSA,A,3,71,75,87,72,73,74,86,,,,,,1.07,0.49,0.95,2*02
1784362229.298,$GNGSA,A,3,25,15,03,36,16,34,05,,,,,,1.07,0.49,0.95,3*04
1784362229.298,$GNGSA,A,3,30,09,11,37,20,06,07,10,,,,,1.07,0.49,0.95,4*0F
1784362229.299,$GPGSV,3,1,12,10,40,349,36,12,21,094,39,13,25,089,42,18,48,176,42,1*6D
1784362229.300,$GPGSV,3,2,12,23,55,041,38,24,15,037,25,25,32,134,38,28,41,219,41,1*63
1784362229.301,$GPGSV,3,3,12,32,34,304,45,40,34,258,41,41,62,233,45,42,68,219,45,1*6F
1784362229.302,$GPGSV,3,1,09,10,40,349,37,12,21,094,33,13,25,089,43,18,48,176,44,6*6C
1784362229.303,$GPGSV,3,2,09,23,55,041,41,24,15,037,28,25,32,134,33,28,41,219,42,6*65
1784362229.304,$GPGSV,3,3,09,32,34,304,40,6*5F
1784362229.304,$GPGSV,2,1,05,15,02,068,,27,03,266,,29,02,163,,31,12,216,,0*66
1784362229.305,$GPGSV,2,2,05,31,12,216,,0*54
1784362229.306,$GLGSV,2,1,08,71,17,042,38,72,26,347,36,73,19,045,40,74,46,096,34,1*7A
1784362229.307,$GLGSV,2,2,08,75,30,163,18,86,43,211,45,87,48,273,45,,,,41,1*47
1784362229.308,$GLGSV,2,1,05,71,17,042,29,72,26,347,29,73,19,045,36,75,30,163,33,3*76
1784362229.308,$GLGSV,2,2,05,86,43,211,41,3*41
1784362229.309,$GLGSV,1,1,02,65,07,299,,88,04,327,,0*7F
1784362229.310,$GAGSV,2,1,08,03,45,305,46,05,37,017,45,15,26,322,41,16,14,090,39,2*7A
1784362229.311,$GAGSV,2,2,08,25,22,138,35,32,31,275,45,34,76,285,50,36,44,158,45,2*73
1784362229.311,$GAGSV,2,1,08,03,45,305,38,05,37,017,41,15,26,322,36,16,14,090,35,7*7E
1784362229.312,$GAGSV,2,2,08,25,22,138,29,32,31,275,42,34,76,285,46,36,44,158,40,7*7E
1784362229.313,$GAGSV,1,1,03,02,08,189,,08,13,258,,09,00,052,,0*46
1784362229.314,$GBGSV,2,1,08,06,49,053,40,07,80,087,48,09,46,009,45,10,77,146,45,1*78
1784362229.315,$GBGSV,2,2,08,11,39,246,44,20,35,344,29,30,34,210,47,37,53,091,47,1*75
1784362229.316,$GBGSV,1,1,02,09,46,009,45,10,77,146,47,3*74
1784362229.316,$GBGSV,2,1,05,12,27,323,,19,10,302,,23,14,047,,27,05,162,,0*7F
1784362229.317,$GBGSV,2,2,05,27,05,162,,0*47
1784362229.318,$GNGLL,1451.06312,N,10205.00753,E,081029.00,A,D*70
1784362230.297,$GNRMC,081030.00,A,1451.06242,N,10205.00893,E,0.007,,180726,0.76,W,R,V*4F
1784362230.298,$GNVTG,,T,,M,0.007,N,0.013,K,D*3D
1784362230.299,$GNGGA,081030.00,1451.06242,N,10205.00893,E,4,12,0.70,260.1,M,-24.5,M,,0499*61
1784362230.299,$GNGSA,A,3,10,25,32,18,28,23,12,,,,,,1.60,0.70,1.44,1*06
1784362230.300,$GNGSA,A,3,71,75,87,72,73,74,86,,,,,,1.60,0.70,1.44,2*04
1784362230.301,$GNGSA,A,3,25,15,03,36,16,34,05,,,,,,1.60,0.70,1.44,3*02
1784362230.301,$GNGSA,A,3,30,09,11,37,20,06,07,10,,,,,1.60,0.70,1.44,4*09
1784362230.302,$GPGSV,3,1,12,10,40,349,35,12,21,094,39,13,25,089,42,18,48,176,42,1*6E
1784362230.303,$GPGSV,3,2,12,23,55,041,38,24,15,037,25,25,32,134,38,28,41,219,42,1*60
1784362230.304,$GPGSV,3,3,12,32,34,304,45,40,34,258,41,41,62,233,45,42,68,219,45,1*6F
1784362230.305,$GPGSV,3,1,09,10,40,349,36,12,21,094,33,13,25,089,43,18,48,176,44,6*6D
1784362230.306,$GPGSV,3,2,09,23,55,041,41,24,15,037,28,25,32,134,32,28,41,219,43,6*65
1784362230.307,$GPGSV,3,3,09,32,34,304,40,6*5F
1784362230.307,$GPGSV,2,1,05,15,02,068,,27,03,266,,29,02,163,,31,12,216,,0*66
1784362230.308,$GPGSV,2,2,05,31,12,216,,0*54
1784362230.309,$GLGSV,2,1,08,71,17,042,38,72,26,347,36,73,19,045,40,74,46,096,34,1*7A
1784362230.310,$GLGSV,2,2,08,75,30,163,18,86,42,210,45,87,48,273,45,,,,41,1*47
1784362230.311,$GLGSV,2,1,05,71,17,042,29,72,26,347,27,73,19,045,36,75,30,163,33,3*78
1784362230.311,$GLGSV,2,2,05,86,42,210,41,3*41
1784362230.312,$GLGSV,1,1,02,65,07,299,,88,04,327,,0*7F
1784362230.313,$GAGSV,2,1,08,03,45,305,47,05,37,017,45,15,26,322,41,16,14,090,39,2*7B
1784362230.314,$GAGSV,2,2,08,25,22,138,36,32,31,275,45,34,76,285,50,36,44,158,45,2*70
1784362230.314,$GAGSV,2,1,08,03,45,305,37,05,37,017,41,15,26,322,36,16,14,090,34,7*70
1784362230.315,$GAGSV,2,2,08,25,22,138,29,32,31,275,42,34,76,285,46,36,44,158,40,7*7E
1784362230.316,$GAGSV,1,1,03,02,08,189,,08,13,258,,09,00,052,,0*46
1784362230.317,$GBGSV,2,1,08,06,49,053,40,07,80,087,48,09,46,009,45,10,77,146,45,1*78
1784362230.318,$GBGSV,2,2,08,11,39,246,44,20,35,344,30,30,34,210,47,37,53,091,47,1*7D
1784362230.319,$GBGSV,1,1,02,09,46,009,45,10,77,146,47,3*74
1784362230.319,$GBGSV,2,1,05,12,27,323,,19,10,302,,23,14,047,,27,05,162,,0*7F
1784362230.320,$GBGSV,2,2,05,27,05,162,,0*47
1784362230.321,$GNGLL,1451.06242,N,10205.00893,E,081030.00,A,D*7F
1784362231.299,$GNRMC,081031.00,A,1451.06242,N,10205.00893,E,0.007,,180726,0.76,W,R,V*4E
1784362231.299,$GNVTG,,T,,M,0.007,N,0.013,K,D*3D
1784362231.300,$GNGGA,081031.00,1451.06242,N,10205.00893,E,4,12,0.70,260.2,M,-24.5,M,,0499*63
1784362231.301,$GNGSA,A,3,10,25,32,18,28,23,12,,,,,,1.60,0.70,1.44,1*06
1784362231.302,$GNGSA,A,3,71,75,87,72,73,74,86,,,,,,1.60,0.70,1.44,2*04
1784362231.302,$GNGSA,A,3,25,15,03,36,16,34,05,,,,,,1.60,0.70,1.44,3*02
1784362231.303,$GNGSA,A,3,30,09,11,37,20,06,07,10,,,,,1.60,0.70,1.44,4*09
1784362231.304,$GPGSV,3,1,12,10,40,349,36,12,21,094,38,13,25,089,42,18,48,176,42,1*6C
1784362231.305,$GPGSV,3,2,12,23,55,041,38,24,15,037,25,25,32,134,38,28,41,219,42,1*60
1784362231.306,$GPGSV,3,3,12,32,34,304,45,40,34,258,41,41,62,233,46,42,68,219,45,1*6C
1784362231.307,$GPGSV,3,1,09,10,40,349,36,12,21,094,32,13,25,089,43,18,48,176,44,6*6C
1784362231.308,$GPGSV,3,2,09,23,55,041,41,24,15,037,28,25,32,134,32,28,41,219,43,6*65
1784362231.308,$GPGSV,3,3,09,32,34,304,40,6*5F
1784362231.309,$GPGSV,2,1,05,15,02,068,,27,03,266,,29,02,163,,31,12,216,,0*66
1784362231.310,$GPGSV,2,2,05,31,12,216,,0*54
1784362231.310,$GLGSV,2,1,08,71,17,042,38,72,26,347,36,73,19,045,40,74,46,096,35,1*7B
1784362231.311,$GLGSV,2,2,08,75,30,163,21,86,42,210,45,87,48,272,45,,,,41,1*4C
1784362231.312,$GLGSV,2,1,05,71,17,042,30,72,26,347,24,73,19,045,36,75,30,163,33,3*73
1784362231.313,$GLGSV,2,2,05,86,42,210,41,3*41
1784362231.313,$GLGSV,1,1,02,65,07,299,,88,04,327,,0*7F
1784362231.314,$GAGSV,2,1,08,03,45,305,47,05,37,017,45,15,26,322,40,16,14,090,39,2*7A
1784362231.315,$GAGSV,2,2,08,25,22,138,36,32,31,275,45,34,76,285,50,36,44,158,45,2*70
1784362231.316,$GAGSV,2,1,08,03,45,305,36,05,37,017,41,15,26,322,36,16,14,090,34,7*71
1784362231.317,$GAGSV,2,2,08,25,22,138,28,32,31,275,42,34,76,285,46,36,44,158,40,7*7F
1784362231.318,$GAGSV,1,1,03,02,08,189,,08,13,258,,09,00,052,,0*46
1784362231.319,$GBGSV,2,1,08,06,49,053,40,07,80,087,48,09,46,009,45,10,77,146,45,1*78
1784362231.319,$GBGSV,2,2,08,11,39,246,44,20,35,344,29,30,34,210,46,37,53,091,47,1*74
1784362231.320,$GBGSV,1,1,02,09,46,009,46,10,77,146,47,3*77
1784362231.321,$GBGSV,2,1,05,12,27,323,,19,10,302,,23,14,047,,27,05,162,,0*7F
1784362231.321,$GBGSV,2,2,05,27,05,162,,0*47
1784362231.322,$GNGLL,1451.06242,N,10205.00893,E,081031.00,A,D*7E
1784362232.302,$GNRMC,081032.00,A,1451.06242,N,10205.00893,E,0.005,,180726,0.76,W,R,V*4F
1784362232.302,$GNVTG,,T,,M,0.005,N,0.009,K,D*34
1784362232.303,$GNGGA,081032.00,1451.06242,N,10205.00893,E,4,12,0.70,260.2,M,-24.5,M,,0499*60
1784362232.304,$GNGSA,A,3,10,25,32,18,28,23,12,,,,,,1.60,0.70,1.44,1*06
1784362232.305,$GNGSA,A,3,71,75,87,72,73,74,86,,,,,,1.60,0.70,1.44,2*04
1784362232.305,$GNGSA,A,3,25,15,03,36,16,34,05,,,,,,1.60,0.70,1.44,3*02
1784362232.306,$GNGSA,A,3,30,09,11,37,20,06,07,10,,,,,1.60,0.70,1.44,4*09
1784362232.307,$GPGSV,3,1,12,10,40,349,37,12,21,094,38,13,25,089,42,18,48,176,42,1*6D
1784362232.308,$GPGSV,3,2,12,23,55,041,37,24,15,037,25,25,32,134,37,28,41,219,41,1*63
1784362232.309,$GPGSV,3,3,12,32,34,304,45,40,34,258,41,41,62,233,45,42,68,219,45,1*6F
1784362232.310,$GPGSV,3,1,09,10,40,349,36,12,21,094,32,13,25,089,43,18,48,176,44,6*6C
1784362232.311,$GPGSV,3,2,09,23,55,041,41,24,15,037,28,25,32,134,33,28,41,219,43,6*64
1784362232.311,$GPGSV,3,3,09,32,34,304,40,6*5F
1784362232.312,$GPGSV,2,1,05,15,02,068,,27,03,266,,29,02,163,,31,12,216,,0*66
1784362232.313,$GPGSV,2,2,05,31,12,216,,0*54
1784362232.313,$GLGSV,2,1,08,71,17,042,38,72,26,347,36,73,19,045,40,74,46,096,34,1*7A
1784362232.314,$GLGSV,2,2,08,75,30,163,24,86,42,210,45,87,48,272,46,,,,40,1*4B
1784362232.315,$GLGSV,2,1,05,71,17,042,30,72,26,347,20,73,19,045,36,75,30,163,33,3*77
1784362232.316,$GLGSV,2,2,05,86,42,210,40,3*40
1784362232.316,$GLGSV,1,1,02,65,07,299,,88,05,326,,0*7F
1784362232.317,$GAGSV,2,1,08,03,45,305,46,05,37,017,45,15,26,322,41,16,14,090,39,2*7A
1784362232.318,$GAGSV,2,2,08,25,22,138,36,32,31,275,45,34,76,285,50,36,44,158,45,2*70
1784362232.319,$GAGSV,2,1,08,03,45,305,37,05,37,017,41,15,26,322,36,16,14,090,34,7*70
1784362232.320,$GAGSV,2,2,08,25,22,138,28,32,31,275,42,34,76,285,46,36,44,158,40,7*7F
1784362232.321,$GAGSV,1,1,03,02,08,189,,08,13,258,,09,00,052,,0*46
1784362232.322,$GBGSV,2,1,08,06,49,053,40,07,80,087,48,09,46,009,45,10,77,146,45,1*78
1784362232.323,$GBGSV,2,2,08,11,39,246,44,20,35,344,29,30,34,210,46,37,53,091,47,1*74
1784362232.323,$GBGSV,1,1,02,09,46,009,46,10,77,146,47,3*77
1784362232.324,$GBGSV,2,1,05,12,27,323,,19,10,302,,23,14,047,,27,05,162,,0*7F
1784362232.325,$GBGSV,2,2,05,27,05,162,,0*47
1784362232.325,$GNGLL,1451.06242,N,10205.00893,E,081032.00,A,D*7D
1784362233.296,$GNRMC,081033.00,A,1451.06242,N,10205.00893,E,0.018,,180726,0.76,W,R,V*42
1784362233.297,$GNVTG,,T,,M,0.018,N,0.034,K,D*36
1784362233.298,$GNGGA,081033.00,1451.06242,N,10205.00893,E,4,12,0.70,260.2,M,-24.5,M,,0499*61
1784362233.298,$GNGSA,A,3,10,25,32,18,28,23,12,,,,,,1.60,0.70,1.44,1*06
1784362233.299,$GNGSA,A,3,71,75,87,72,73,74,86,,,,,,1.60,0.70,1.44,2*04
1784362233.300,$GNGSA,A,3,25,15,03,36,16,34,05,,,,,,1.60,0.70,1.44,3*02
1784362233.300,$GNGSA,A,3,30,09,11,37,20,06,07,10,,,,,1.60,0.70,1.44,4*09
1784362233.301,$GPGSV,3,1,12,10,40,349,36,12,21,094,37,13,25,089,42,18,48,176,42,1*63
1784362233.302,$GPGSV,3,2,12,23,55,041,38,24,15,037,26,25,32,134,36,28,41,219,41,1*6E
1784362233.303,$GPGSV,3,3,12,32,34,304,46,40,34,258,41,41,62,233,45,42,68,219,45,1*6C
1784362233.304,$GPGSV,3,1,09,10,40,349,36,12,21,094,32,13,25,089,43,18,48,176,44,6*6C
1784362233.305,$GPGSV,3,2,09,23,55,041,41,24,15,037,28,25,32,134,32,28,41,219,43,6*65
1784362233.305,$GPGSV,3,3,09,32,34,304,40,6*5F
1784362233.306,$GPGSV,2,1,05,15,02,068,,27,03,266,,29,02,163,,31,12,216,,0*66
1784362233.307,$GPGSV,2,2,05,31,12,216,,0*54
1784362233.308,$GLGSV,2,1,08,71,17,042,37,72,26,347,36,73,19,045,39,74,46,096,32,1*7D
1784362233.309,$GLGSV,2,2,08,75,30,163,24,86,42,210,45,87,48,272,46,,,,40,1*4B
1784362233.309,$GLGSV,2,1,05,71,17,042,29,72,26,347,16,73,19,045,36,75,30,163,32,3*7B
1784362233.310,$GLGSV,2,2,05,86,42,210,40,3*40
1784362233.311,$GLGSV,1,1,02,65,07,299,,88,05,326,,0*7F
1784362233.311,$GAGSV,2,1,08,03,45,305,46,05,37,017,45,15,26,322,41,16,14,090,39,2*7A
1784362233.312,$GAGSV,2,2,08,25,22,138,36,32,31,275,45,34,76,285,51,36,44,158,45,2*71
1784362233.313,$GAGSV,2,1,08,03,45,305,37,05,37,017,42,15,26,322,36,16,14,090,34,7*73
1784362233.314,$GAGSV,2,2,08,25,22,138,28,32,31,275,42,34,76,285,46,36,44,158,40,7*7F
1784362233.315,$GAGSV,1,1,03,02,08,189,,08,13,258,,09,00,052,,0*46
1784362233.316,$GBGSV,2,1,08,06,49,053,40,07,80,087,48,09,46,009,45,10,77,146,46,1*7B
1784362233.317,$GBGSV,2,2,08,11,39,246,44,20,35,344,31,30,34,210,46,37,53,091,47,1*7D
1784362233.317,$GBGSV,1,1,02,09,46,009,46,10,77,146,48,3*78
1784362233.318,$GBGSV,2,1,05,12,27,323,,19,10,302,,23,14,047,,27,05,162,,0*7F
1784362233.319,$GBGSV,2,2,05,27,05,162,,0*47
1784362233.319,$GNGLL,1451.06242,N,10205.00893,E,081033.00,A,D*7C
1784362234.299,$GNRMC,081034.00,A,1451.06242,N,10205.00893,E,0.006,,180726,0.76,W,R,V*4A
1784362234.299,$GNVTG,,T,,M,0.006,N,0.011,K,D*3E
1784362234.300,$GNGGA,081034.00,1451.06242,N,10205.00893,E,4,12,0.70,260.2,M,-24.5,M,,0499*66
1784362234.301,$GNGSA,A,3,10,25,32,18,28,23,12,,,,,,1.60,0.70,1.44,1*06
1784362234.302,$GNGSA,A,3,71,75,87,72,73,74,86,,,,,,1.60,0.70,1.44,2*04
1784362234.302,$GNGSA,A,3,25,15,03,36,16,34,05,,,,,,1.60,0.70,1.44,3*02
1784362234.303,$GNGSA,A,3,30,09,11,37,20,06,07,10,,,,,1.60,0.70,1.44,4*09
1784362234.304,$GPGSV,3,1,12,10,40,349,35,12,21,094,36,13,25,089,43,18,48,176,43,1*61
1784362234.305,$GPGSV,3,2,12,23,55,041,39,24,15,037,25,25,32,134,36,28,41,219,41,1*6C
1784362234.306,$GPGSV,3,3,12,32,34,304,46,40,34,258,41,41,62,233,45,42,68,219,46,1*6F
1784362234.307,$GPGSV,3,1,09,10,40,349,36,12,21,094,32,13,25,089,43,18,48,176,44,6*6C
1784362234.308,$GPGSV,3,2,09,23,55,041,41,24,15,037,30,25,32,134,31,28,41,219,43,6*6F
1784362234.308,$GPGSV,3,3,09,32,34,304,39,6*51
1784362234.309,$GPGSV,2,1,05,15,02,068,,27,03,266,,29,02,163,,31,12,216,,0*66
1784362234.309,$GPGSV,2,2,05,31,12,216,,0*54
1784362234.310,$GLGSV,2,1,08,71,17,042,36,72,26,347,36,73,19,045,38,74,46,096,33,1*7C
1784362234.311,$GLGSV,2,2,08,75,30,163,23,86,42,210,45,87,48,272,46,,,,39,1*42
1784362234.312,$GLGSV,2,1,05,71,17,042,29,72,26,347,23,73,19,045,35,75,30,163,32,3*7E
1784362234.313,$GLGSV,2,2,05,86,42,210,40,3*40
1784362234.313,$GLGSV,1,1,02,65,07,299,,88,05,326,,0*7F
1784362234.314,$GAGSV,2,1,08,03,45,305,46,05,37,017,45,15,26,322,41,16,14,090,40,2*74
1784362234.315,$GAGSV,2,2,08,25,22,138,36,32,31,275,45,34,76,285,51,36,44,158,46,2*72
1784362234.316,$GAGSV,2,1,08,03,45,305,37,05,37,017,42,15,26,322,36,16,14,090,34,7*73
1784362234.317,$GAGSV,2,2,08,25,22,138,27,32,31,275,42,34,76,285,46,36,44,158,40,7*70
1784362234.318,$GAGSV,1,1,03,02,08,189,,08,13,258,,09,00,052,,0*46
1784362234.318,$GBGSV,2,1,08,06,49,053,40,07,80,087,48,09,46,009,45,10,77,146,46,1*7B
1784362234.319,$GBGSV,2,2,08,11,39,246,44,20,35,344,32,30,34,210,46,37,53,091,47,1*7E
1784362234.320,$GBGSV,1,1,02,09,46,009,46,10,77,146,48,3*78
1784362234.321,$GBGSV,2,1,05,12,27,323,,19,10,302,,23,14,047,,27,05,162,,0*7F
1784362234.321,$GBGSV,2,2,05,27,05,162,,0*47
1784362234.322,$GNGLL,1451.06242,N,10205.00893,E,081034.00,A,D*7B
