1784362100.298,$GNRMC,080820.00,A,1451.06242,N,10205.00895,E,0.017,,180726,0.76,W,R,V*40
1784362100.298,$GNVTG,,T,,M,0.017,N,0.031,K,D*3C
1784362100.299,$GNGGA,080820.00,1451.06242,N,10205.00895,E,4,12,0.69,260.2,M,-24.5,M,,0499*64
1784362100.300,$GNGSA,A,3,10,24,25,32,18,28,23,12,,,,,1.56,0.69,1.40,1*09
1784362100.301,$GNGSA,A,3,71,87,72,73,74,86,75,,,,,,1.56,0.69,1.40,2*0D
1784362100.301,$GNGSA,A,3,25,15,03,36,16,34,05,,,,,,1.56,0.69,1.40,3*0B
1784362100.302,$GNGSA,A,3,30,20,09,11,37,06,07,10,,,,,1.56,0.69,1.40,4*00
1784362100.303,$GPGSV,3,1,12,10,39,348,39,12,21,095,35,13,25,090,41,18,49,176,42,1*6A
1784362100.304,$GPGSV,3,2,12,23,55,039,41,24,16,037,25,25,31,135,32,28,40,219,42,1*6B
1784362100.305,$GPGSV,3,3,12,32,34,302,35,40,34,258,41,41,62,233,45,42,68,219,46,1*6D
1784362100.306,$GPGSV,3,1,09,10,39,348,37,12,21,095,35,13,25,090,40,18,49,176,44,6*6E
1784362100.307,$GPGSV,3,2,09,23,55,039,39,24,16,037,20,25,31,135,37,28,40,219,43,6*68
1784362100.307,$GPGSV,3,3,09,32,34,302,41,6*58
1784362100.308,$GPGSV,2,1,05,15,02,067,,27,03,267,,29,02,164,,31,11,216,,0*6C
1784362100.309,$GPGSV,2,2,05,31,11,216,,0*57
1784362100.310,$GLGSV,2,1,07,71,17,041,40,72,26,346,28,73,19,046,39,74,45,097,38,1*74
1784362100.310,$GLGSV,2,2,07,75,29,164,24,86,44,212,44,87,48,275,44,1*4F
1784362100.311,$GLGSV,2,1,06,71,17,041,40,72,26,346,38,73,19,046,41,75,29,164,26,3*70
1784362100.312,$GLGSV,2,2,06,86,44,212,45,,,,40,3*46
1784362100.313,$GLGSV,1,1,02,65,07,298,,88,03,327,,0*79
1784362100.314,$GAGSV,2,1,08,03,45,304,45,05,37,017,49,15,25,323,43,16,14,091,39,2*75
1784362100.315,$GAGSV,2,2,08,25,22,139,40,32,31,273,44,34,75,288,50,36,45,158,48,2*75
1784362100.315,$GAGSV,2,1,08,03,45,304,42,05,37,017,39,15,25,323,34,16,14,091,32,7*7B
1784362100.316,$GAGSV,2,2,08,25,22,139,21,32,31,273,42,34,75,288,48,36,45,158,42,7*72
1784362100.317,$GAGSV,1,1,03,02,07,189,,08,12,257,,09,00,052,,0*47
1784362100.318,$GBGSV,2,1,08,06,49,052,39,07,80,089,48,09,45,009,44,10,77,146,45,1*7B
1784362100.319,$GBGSV,2,2,08,11,39,247,41,20,35,343,37,30,35,211,45,37,53,093,45,1*7B
1784362100.320,$GBGSV,1,1,02,09,45,009,46,10,77,146,47,3*74
1784362100.320,$GBGSV,2,1,05,12,27,322,,19,10,301,,23,15,048,,27,06,162,,0*70
1784362100.321,$GBGSV,2,2,05,27,06,162,,0*44
1784362100.322,$GNGLL,1451.06242,N,10205.00895,E,080820.00,A,D*71
1784362101.293,$GNRMC,080821.00,A,1451.06242,N,10205.00896,E,0.010,,180726,0.76,W,R,V*45
1784362101.293,$GNVTG,,T,,M,0.010,N,0.019,K,D*31
1784362101.294,$GNGGA,080821.00,1451.06242,N,10205.00896,E,4,12,0.70,260.2,M,-24.5,M,,0499*6E
1784362101.295,$GNGSA,A,3,10,25,32,18,28,23,12,,,,,,1.59,0.70,1.43,1*0B
1784362101.296,$GNGSA,A,3,71,87,72,73,74,86,75,,,,,,1.59,0.70,1.43,2*09
1784362101.296,$GNGSA,A,3,25,15,03,36,16,34,05,,,,,,1.59,0.70,1.43,3*0F
1784362101.297,$GNGSA,A,3,30,20,09,11,37,06,07,10,,,,,1.59,0.70,1.43,4*04
1784362101.298,$GPGSV,3,1,12,10,39,348,40,12,21,095,35,13,25,090,41,18,49,176,41,1*67
1784362101.299,$GPGSV,3,2,12,23,55,039,40,24,16,037,25,25,31,135,33,28,40,219,43,1*6A
1784362101.300,$GPGSV,3,3,12,32,34,302,35,40,34,258,41,41,62,233,45,42,68,219,46,1*6D
1784362101.301,$GPGSV,3,1,09,10,39,348,38,12,21,095,36,13,25,090,41,18,49,176,44,6*63
1784362101.301,$GPGSV,3,2,09,23,55,039,39,24,16,037,22,25,31,135,37,28,40,219,43,6*6A
1784362101.302,$GPGSV,3,3,09,32,34,302,41,6*58
1784362101.303,$GPGSV,2,1,05,15,02,067,,27,03,267,,29,02,164,,31,11,216,,0*6C
1784362101.303,$GPGSV,2,2,05,31,11,216,,0*57
1784362101.304,$GLGSV,2,1,07,71,17,041,40,72,26,346,26,73,19,046,38,74,45,097,39,1*7A
1784362101.305,$GLGSV,2,2,07,75,29,164,21,86,44,212,44,87,48,275,44,1*4A
1784362101.306,$GLGSV,2,1,06,71,17,041,40,72,26,346,38,73,19,046,40,75,29,164,27,3*70
1784362101.307,$GLGSV,2,2,06,86,44,212,45,,,,39,3*48
1784362101.307,$GLGSV,1,1,02,65,07,298,,88,03,327,,0*79
1784362101.308,$GAGSV,2,1,08,03,45,304,45,05,37,017,48,15,25,323,43,16,14,091,39,2*74
1784362101.309,$GAGSV,2,2,08,25,22,139,40,32,31,273,44,34,75,288,50,36,45,158,48,2*75
1784362101.310,$GAGSV,2,1,08,03,45,304,41,05,37,017,39,15,25,323,34,16,14,091,33,7*79
1784362101.311,$GAGSV,2,2,08,25,22,139,22,32,31,273,41,34,75,288,48,36,45,158,42,7*72
1784362101.312,$GAGSV,1,1,03,02,07,189,,08,12,257,,09,00,052,,0*47
1784362101.313,$GBGSV,2,1,08,06,49,052,39,07,80,089,48,09,45,009,44,10,77,146,46,1*78
1784362101.314,$GBGSV,2,2,08,11,39,247,42,20,35,343,37,30,35,211,45,37,53,093,45,1*78
1784362101.314,$GBGSV,1,1,02,09,45,009,46,10,77,146,47,3*74
1784362101.315,$GBGSV,2,1,05,12,27,322,,19,10,301,,23,15,048,,27,06,162,,0*70
1784362101.316,$GBGSV,2,2,05,27,06,162,,0*44
1784362101.316,$GNGLL,1451.06242,N,10205.00896,E,080821.00,A,D*73
1784362102.290,$GNRMC,080822.00,A,1451.06242,N,10205.00896,E,0.012,,180726,0.76,W,R,V*44
1784362102.290,$GNVTG,,T,,M,0.012,N,0.023,K,D*3A
1784362102.291,$GNGGA,080822.00,1451.06242,N,10205.00896,E,4,12,0.70,260.2,M,-24.5,M,,0499*6D
1784362102.292,$GNGSA,A,3,10,25,32,18,28,23,12,,,,,,1.59,0.70,1.43,1*0B
1784362102.293,$GNGSA,A,3,71,87,72,73,74,86,75,,,,,,1.59,0.70,1.43,2*09
1784362102.293,$GNGSA,A,3,25,15,03,36,16,34,05,,,,,,1.59,0.70,1.43,3*0F
1784362102.294,$GNGSA,A,3,30,20,09,11,37,06,07,10,,,,,1.59,0.70,1.43,4*04
1784362102.295,$GPGSV,3,1,12,10,39,348,40,12,21,095,35,13,25,090,41,18,49,176,41,1*67
1784362102.296,$GPGSV,3,2,12,23,55,039,41,24,16,037,24,25,31,135,32,28,40,219,43,1*6B
1784362102.297,$GPGSV,3,3,12,32,34,302,36,40,34,258,41,41,62,233,45,42,68,219,46,1*6E
1784362102.298,$GPGSV,3,1,09,10,39,348,38,12,21,095,36,13,25,090,41,18,49,176,44,6*63
1784362102.299,$GPGSV,3,2,09,23,55,039,39,24,16,037,25,25,31,135,37,28,40,219,42,6*6C
1784362102.299,$GPGSV,3,3,09,32,34,302,41,6*58
1784362102.300,$GPGSV,2,1,05,15,02,067,,27,03,267,,29,02,164,,31,11,216,,0*6C
1784362102.300,$GPGSV,2,2,05,31,11,216,,0*57
1784362102.301,$GLGSV,2,1,07,71,17,041,40,72,26,346,26,73,19,046,38,74,45,097,39,1*7A
1784362102.302,$GLGSV,2,2,07,75,29,164,21,86,44,212,44,87,48,275,44,1*4A
1784362102.303,$GLGSV,2,1,06,71,17,041,41,72,26,346,38,73,19,046,40,75,29,164,28,3*7E
1784362102.304,$GLGSV,2,2,06,86,44,212,45,,,,40,3*46
1784362102.304,$GLGSV,1,1,02,65,07,298,,88,03,327,,0*79
1784362102.305,$GAGSV,2,1,08,03,45,304,45,05,37,017,48,15,25,323,43,16,14,091,39,2*74
1784362102.306,$GAGSV,2,2,08,25,22,139,40,32,31,273,44,34,75,288,51,36,45,158,48,2*74
1784362102.307,$GAGSV,2,1,08,03,45,304,41,05,37,017,39,15,25,323,35,16,14,091,32,7*79
1784362102.308,$GAGSV,2,2,08,25,22,139,23,32,31,273,41,34,75,288,48,36,45,158,42,7*73
1784362102.309,$GAGSV,1,1,03,02,07,189,,08,12,258,,09,00,052,,0*48
1784362102.310,$GBGSV,2,1,08,06,49,052,38,07,80,089,49,09,45,009,44,10,77,146,45,1*7B
1784362102.311,$GBGSV,2,2,08,11,39,247,41,20,35,343,36,30,35,211,46,37,53,093,45,1*79
1784362102.311,$GBGSV,1,1,02,09,45,009,45,10,77,146,47,3*77
1784362102.312,$GBGSV,2,1,05,12,27,322,,19,10,301,,23,15,048,,27,06,162,,0*70
1784362102.313,$GBGSV,2,2,05,27,06,162,,0*44
1784362102.313,$GNGLL,1451.06242,N,10205.00896,E,080822.00,A,D*70
1784362103.295,$GNRMC,080823.00,A,1451.06242,N,10205.00896,E,0.004,,180726,0.76,W,R,V*42
1784362103.296,$GNVTG,,T,,M,0.004,N,0.008,K,D*34
1784362103.297,$GNGGA,080823.00,1451.06242,N,10205.00896,E,4,12,0.70,260.2,M,-24.5,M,,0499*6C
1784362103.298,$GNGSA,A,3,10,25,32,18,28,23,12,,,,,,1.59,0.70,1.43,1*0B
1784362103.299,$GNGSA,A,3,71,87,72,73,74,86,75,,,,,,1.59,0.70,1.43,2*09
1784362103.300,$GNGSA,A,3,25,15,03,36,16,34,05,,,,,,1.59,0.70,1.43,3*0F
1784362103.300,$GNGSA,A,3,30,20,09,11,37,06,07,10,,,,,1.59,0.70,1.43,4*04
1784362103.301,$GPGSV,3,1,12,10,39,348,39,12,21,095,36,13,25,090,41,18,49,176,41,1*6A
1784362103.302,$GPGSV,3,2,12,23,55,039,41,24,16,037,23,25,31,135,32,28,40,219,42,1*6D
1784362103.304,$GPGSV,3,3,12,32,34,302,37,40,34,258,41,41,62,233,46,42,68,219,46,1*6C
1784362103.305,$GPGSV,3,1,09,10,39,348,38,12,21,095,35,13,25,090,41,18,49,176,44,6*60
1784362103.306,$GPGSV,3,2,09,23,55,039,38,24,16,037,25,25,31,135,37,28,40,219,42,6*6D
1784362103.306,$GPGSV,3,3,09,32,34,302,41,6*58
1784362103.307,$GPGSV,2,1,05,15,02,067,,27,03,267,,29,02,164,,31,11,216,,0*6C
1784362103.308,$GPGSV,2,2,05,31,11,216,,0*57
1784362103.309,$GLGSV,2,1,07,71,17,041,40,72,26,346,29,73,19,046,39,74,45,097,39,1*74
1784362103.309,$GLGSV,2,2,07,75,29,164,22,86,44,212,43,87,48,275,44,1*4E
1784362103.311,$GLGSV,2,1,06,71,17,041,41,72,26,346,39,73,19,046,40,75,29,164,28,3*7F
1784362103.311,$GLGSV,2,2,06,86,44,212,44,,,,40,3*47
1784362103.312,$GLGSV,1,1,02,65,07,298,,88,03,327,,0*79
1784362103.313,$GAGSV,2,1,08,03,45,304,45,05,37,017,48,15,25,323,42,16,14,091,39,2*75
1784362103.314,$GAGSV,2,2,08,25,22,139,40,32,31,273,44,34,75,288,50,36,45,158,48,2*75
1784362103.315,$GAGSV,2,1,08,03,45,304,41,05,37,017,39,15,25,323,35,16,14,091,31,7*7A
1784362103.316,$GAGSV,2,2,08,25,22,139,25,32,31,273,42,34,75,288,48,36,45,158,42,7*76
1784362103.316,$GAGSV,1,1,03,02,07,189,,08,12,258,,09,00,052,,0*48
1784362103.317,$GBGSV,2,1,08,06,49,052,38,07,80,089,48,09,45,009,44,10,77,146,45,1*7A
1784362103.318,$GBGSV,2,2,08,11,39,247,41,20,35,343,38,30,35,211,46,37,53,093,44,1*76
1784362103.319,$GBGSV,1,1,02,09,45,009,45,10,77,146,47,3*77
1784362103.320,$GBGSV,2,1,05,12,27,322,,19,10,301,,23,15,048,,27,06,162,,0*70
1784362103.320,$GBGSV,2,2,05,27,06,162,,0*44
1784362103.321,$GNGLL,1451.06242,N,10205.00896,E,080823.00,A,D*71
1784362104.294,$GNRMC,080824.00,A,1451.06242,N,10205.00896,E,0.020,,180726,0.76,W,R,V*43
1784362104.295,$GNVTG,,T,,M,0.020,N,0.037,K,D*3E
1784362104.296,$GNGGA,080824.00,1451.06242,N,10205.00896,E,4,12,0.70,260.2,M,-24.5,M,,0499*6B
1784362104.297,$GNGSA,A,3,10,25,32,18,28,23,12,,,,,,1.59,0.70,1.43,1*0B
1784362104.298,$GNGSA,A,3,71,87,72,73,74,86,75,,,,,,1.59,0.70,1.43,2*09
1784362104.298,$GNGSA,A,3,25,15,03,36,16,34,05,,,,,,1.59,0.70,1.43,3*0F
1784362104.299,$GNGSA,A,3,30,20,09,11,37,06,07,10,,,,,1.59,0.70,1.43,4*04
1784362104.300,$GPGSV,3,1,12,10,39,348,38,12,21,095,36,13,25,090,41,18,49,176,41,1*6B
1784362104.301,$GPGSV,3,2,12,23,55,039,41,24,16,037,21,25,31,135,33,28,40,219,41,1*6D
1784362104.302,$GPGSV,3,3,12,32,34,302,37,40,34,258,41,41,62,233,46,42,68,219,46,1*6C
1784362104.303,$GPGSV,3,1,09,10,39,348,37,12,21,095,35,13,25,090,41,18,49,176,44,6*6F
1784362104.303,$GPGSV,3,2,09,23,55,039,38,24,16,037,25,25,31,135,37,28,40,219,42,6*6D
1784362104.304,$GPGSV,3,3,09,32,34,302,40,6*59
1784362104.305,$GPGSV,2,1,05,15,02,067,,27,03,267,,29,02,164,,31,11,216,,0*6C
1784362104.305,$GPGSV,2,2,05,31,11,216,,0*57
1784362104.306,$GLGSV,2,1,07,71,17,041,40,72,26,346,29,73,19,046,38,74,45,097,39,1*75
1784362104.307,$GLGSV,2,2,07,75,29,164,21,86,44,212,43,87,48,275,44,1*4D
1784362104.308,$GLGSV,2,1,06,71,17,041,41,72,26,346,38,73,19,046,39,75,29,164,28,3*70
1784362104.309,$GLGSV,2,2,06,86,44,212,44,,,,40,3*47
1784362104.309,$GLGSV,1,1,02,65,07,298,,88,03,327,,0*79
1784362104.310,$GAGSV,2,1,08,03,45,304,45,05,37,017,48,15,25,323,43,16,14,091,39,2*74
1784362104.311,$GAGSV,2,2,08,25,22,139,39,32,31,273,44,34,75,288,50,36,45,158,48,2*7B
1784362104.312,$GAGSV,2,1,08,03,45,304,40,05,37,017,40,15,25,323,36,16,14,091,30,7*77
1784362104.313,$GAGSV,2,2,08,25,22,139,26,32,31,273,42,34,75,288,47,36,45,158,41,7*79
1784362104.314,$GAGSV,1,1,03,02,07,189,,08,12,258,,09,00,052,,0*48
1784362104.314,$GBGSV,2,1,08,06,49,052,38,07,80,089,48,09,45,009,43,10,77,146,45,1*7D
1784362104.315,$GBGSV,2,2,08,11,39,247,41,20,35,343,38,30,35,211,46,37,53,093,44,1*76
1784362104.316,$GBGSV,1,1,02,09,45,009,45,10,77,146,47,3*77
1784362104.317,$GBGSV,2,1,05,12,27,322,,19,10,301,,23,15,048,,27,06,162,,0*70
1784362104.317,$GBGSV,2,2,05,27,06,162,,0*44
1784362104.318,$GNGLL,1451.06242,N,10205.00896,E,080824.00,A,D*76
