1784362085.296,$GNRMC,080805.00,A,1451.06264,N,10205.00850,E,0.005,,180726,0.76,W,D,V*5F
1784362085.298,$GNVTG,,T,,M,0.005,N,0.010,K,D*3C
1784362085.299,$GNGGA,080805.00,1451.06264,N,10205.00850,E,2,12,0.49,265.1,M,-24.5,M,,0499*6C
1784362085.300,$GNGSA,A,3,10,25,32,18,28,23,12,,,,,,1.06,0.49,0.94,1*00
1784362085.301,$GNGSA,A,3,71,87,72,73,74,86,75,,,,,,1.06,0.49,0.94,2*02
1784362085.302,$GNGSA,A,3,25,15,03,36,16,34,05,,,,,,1.06,0.49,0.94,3*04
1784362085.303,$GNGSA,A,3,30,20,09,11,37,06,07,10,,,,,1.06,0.49,0.94,4*0F
1784362085.303,$GPGSV,3,1,12,10,39,348,35,12,21,095,29,13,25,090,41,18,49,176,39,1*67
1784362085.305,$GPGSV,3,2,12,23,55,039,41,24,16,037,24,25,31,135,32,28,40,219,43,1*6B
1784362085.306,$GPGSV,3,3,12,32,34,302,35,40,34,258,41,41,62,233,45,42,68,219,46,1*6D
1784362085.307,$GPGSV,3,1,09,10,39,348,37,12,21,095,35,13,25,090,40,18,49,176,44,6*6E
1784362085.308,$GPGSV,3,2,09,23,55,039,42,24,16,037,28,25,31,135,37,28,40,219,41,6*6E
1784362085.308,$GPGSV,3,3,09,32,34,302,41,6*58
1784362085.309,$GPGSV,2,1,05,15,02,067,,27,03,267,,29,02,164,,31,11,216,,0*6C
1784362085.310,$GPGSV,2,2,05,31,11,216,,0*57
1784362085.311,$GLGSV,2,1,08,71,17,040,41,72,26,345,25,73,20,047,39,74,45,099,39,1*71
1784362085.311,$GLGSV,2,2,08,75,28,164,31,86,44,212,43,87,48,275,43,,,,34,1*42
1784362085.312,$GLGSV,2,1,06,71,17,040,42,72,26,345,38,73,20,047,37,75,28,164,21,3*7C
1784362085.313,$GLGSV,2,2,06,86,44,212,44,,,,40,3*47
1784362085.314,$GLGSV,1,1,02,65,07,297,,88,03,327,,0*76
1784362085.315,$GAGSV,2,1,08,03,45,304,45,05,37,017,48,15,25,323,42,16,14,091,36,2*7A
1784362085.316,$GAGSV,2,2,08,25,22,139,40,32,31,273,44,34,75,288,50,36,45,158,47,2*7A
1784362085.317,$GAGSV,2,1,08,03,45,304,41,05,37,017,38,15,25,323,35,16,14,091,35,7*7F
1784362085.318,$GAGSV,2,2,08,25,22,139,28,32,31,273,40,34,75,288,47,36,45,158,43,7*77
1784362085.318,$GAGSV,1,1,03,02,07,189,,08,12,257,,09,00,052,,0*47
1784362085.319,$GBGSV,2,1,08,06,49,052,39,07,80,089,48,09,45,009,44,10,77,146,45,1*7B
1784362085.320,$GBGSV,2,2,08,11,39,247,42,20,35,343,40,30,35,211,44,37,53,093,44,1*78
1784362085.321,$GBGSV,1,1,02,09,45,009,45,10,77,146,47,3*77
1784362085.322,$GBGSV,2,1,05,12,27,322,,19,10,301,,23,15,048,,27,06,162,,0*70
1784362085.322,$GBGSV,2,2,05,27,06,162,,0*44
1784362085.323,$GNGLL,1451.06264,N,10205.00850,E,080805.00,A,D*7B
1784362086.295,$GNRMC,080806.00,A,1451.06243,N,10205.00895,E,0.006,,180726,0.76,W,F,V*51
1784362086.296,$GNVTG,,T,,M,0.006,N,0.012,K,D*3D
1784362086.297,$GNGGA,080806.00,1451.06243,N,10205.00895,E,5,12,0.70,260.1,M,-24.5,M,,0499*6B
1784362086.299,$GNGSA,A,3,10,25,32,18,28,23,12,,,,,,1.59,0.70,1.43,1*0B
1784362086.300,$GNGSA,A,3,71,87,72,73,74,86,75,,,,,,1.59,0.70,1.43,2*09
1784362086.301,$GNGSA,A,3,25,15,03,36,16,34,05,,,,,,1.59,0.70,1.43,3*0F
1784362086.302,$GNGSA,A,3,30,20,09,11,37,06,07,10,,,,,1.59,0.70,1.43,4*04
1784362086.303,$GPGSV,3,1,12,10,39,348,35,12,21,095,30,13,25,090,41,18,49,176,40,1*61
1784362086.304,$GPGSV,3,2,12,23,55,039,40,24,16,037,24,25,31,135,33,28,40,219,43,1*6B
1784362086.305,$GPGSV,3,3,12,32,34,302,35,40,34,258,41,41,62,233,45,42,68,219,46,1*6D
1784362086.306,$GPGSV,3,1,09,10,39,348,37,12,21,095,35,13,25,090,41,18,49,176,44,6*6F
1784362086.307,$GPGSV,3,2,09,23,55,039,42,24,16,037,27,25,31,135,37,28,40,219,41,6*61
1784362086.308,$GPGSV,3,3,09,32,34,302,41,6*58
1784362086.309,$GPGSV,2,1,05,15,02,067,,27,03,267,,29,02,164,,31,11,216,,0*6C
1784362086.309,$GPGSV,2,2,05,31,11,216,,0*57
1784362086.310,$GLGSV,2,1,08,71,17,040,41,72,26,345,22,73,20,047,39,74,45,099,39,1*76
1784362086.311,$GLGSV,2,2,08,75,28,164,32,86,44,212,43,87,48,275,44,,,,33,1*41
1784362086.312,$GLGSV,2,1,06,71,17,040,42,72,26,345,38,73,20,047,37,75,28,164,18,3*76
1784362086.313,$GLGSV,2,2,06,86,44,212,44,,,,40,3*47
1784362086.314,$GLGSV,1,1,02,65,07,297,,88,03,327,,0*76
1784362086.315,$GAGSV,2,1,08,03,45,304,46,05,37,017,48,15,25,323,42,16,14,091,36,2*79
1784362086.316,$GAGSV,2,2,08,25,22,139,40,32,31,273,44,34,75,288,50,36,45,158,47,2*7A
1784362086.317,$GAGSV,2,1,08,03,45,304,42,05,37,017,38,15,25,323,35,16,14,091,35,7*7C
1784362086.318,$GAGSV,2,2,08,25,22,139,28,32,31,273,40,34,75,288,47,36,45,158,43,7*77
1784362086.318,$GAGSV,1,1,03,02,07,189,,08,12,257,,09,00,052,,0*47
1784362086.319,$GBGSV,2,1,08,06,49,052,39,07,80,089,48,09,45,009,44,10,77,146,45,1*7B
1784362086.320,$GBGSV,2,2,08,11,39,247,42,20,35,343,40,30,35,211,45,37,53,093,44,1*79
1784362086.321,$GBGSV,1,1,02,09,45,009,45,10,77,146,47,3*77
1784362086.322,$GBGSV,2,1,05,12,27,322,,19,10,301,,23,15,048,,27,06,162,,0*70
1784362086.322,$GBGSV,2,2,05,27,06,162,,0*44
1784362086.323,$GNGLL,1451.06243,N,10205.00895,E,080806.00,A,D*74
1784362087.299,$GNRMC,080807.00,A,1451.06243,N,10205.00898,E,0.002,,180726,0.76,W,R,V*4D
1784362087.300,$GNVTG,,T,,M,0.002,N,0.005,K,D*3F
1784362087.302,$GNGGA,080807.00,1451.06243,N,10205.00898,E,4,12,0.69,260.3,M,-24.5,M,,0499*6C
1784362087.305,$GNGSA,A,3,10,24,25,32,18,28,23,12,,,,,1.56,0.69,1.40,1*09
1784362087.306,$GNGSA,A,3,71,87,72,73,74,86,75,,,,,,1.56,0.69,1.40,2*0D
1784362087.307,$GNGSA,A,3,25,15,03,36,16,34,05,,,,,,1.56,0.69,1.40,3*0B
1784362087.309,$GNGSA,A,3,30,20,09,11,37,06,07,10,,,,,1.56,0.69,1.40,4*00
1784362087.309,$GPGSV,4,1,13,10,39,348,35,12,21,095,31,13,25,090,41,18,49,176,41,1*67
1784362087.310,$GPGSV,4,2,13,23,55,039,40,24,16,037,23,25,31,135,33,27,03,267,21,1*6F
1784362087.312,$GPGSV,4,3,13,28,40,219,44,32,34,302,36,40,34,258,41,41,62,233,45,1*6C
1784362087.313,$GPGSV,4,4,13,42,68,219,46,1*56
1784362087.315,$GPGSV,3,1,09,10,39,348,37,12,21,095,36,13,25,090,41,18,49,176,44,6*6C
1784362087.317,$GPGSV,3,2,09,23,55,039,41,24,16,037,27,25,31,135,37,28,40,219,41,6*62
1784362087.318,$GPGSV,3,3,09,32,34,302,41,6*58
1784362087.319,$GPGSV,1,1,04,15,02,067,,29,02,164,,31,11,216,,50,56,119,,0*64
1784362087.321,$GLGSV,2,1,08,71,17,040,41,72,26,345,20,73,20,047,39,74,45,099,39,1*74
1784362087.322,$GLGSV,2,2,08,75,28,164,32,86,44,212,43,87,48,275,44,,,,27,1*44
1784362087.324,$GLGSV,2,1,06,71,17,040,42,72,26,345,37,73,20,047,38,75,28,164,17,3*79
1784362087.325,$GLGSV,2,2,06,86,44,212,44,,,,41,3*46
1784362087.326,$GLGSV,1,1,02,65,07,297,,88,03,327,,0*76
1784362087.327,$GAGSV,2,1,08,03,45,304,46,05,37,017,48,15,25,323,42,16,14,091,37,2*78
1784362087.328,$GAGSV,2,2,08,25,22,139,40,32,31,273,43,34,75,288,50,36,45,158,47,2*7D
1784362087.329,$GAGSV,2,1,08,03,45,304,42,05,37,017,39,15,25,323,35,16,14,091,34,7*7C
1784362087.331,$GAGSV,2,2,08,25,22,139,28,32,31,273,41,34,75,288,48,36,45,158,43,7*79
1784362087.332,$GAGSV,1,1,03,02,07,189,,08,12,257,,09,00,052,,0*47
1784362087.333,$GBGSV,2,1,08,06,49,052,39,07,80,089,48,09,45,009,43,10,77,146,45,1*7C
1784362087.334,$GBGSV,2,2,08,11,39,247,43,20,35,343,40,30,35,211,45,37,53,093,44,1*78
1784362087.335,$GBGSV,1,1,02,09,45,009,45,10,77,146,47,3*77
1784362087.336,$GBGSV,2,1,05,12,27,322,,19,10,301,,23,15,048,,27,06,162,,0*70
1784362087.336,$GBGSV,2,2,05,27,06,162,,0*44
1784362087.337,$GNGLL,1451.06243,N,10205.00898,E,080807.00,A,D*78
1784362088.299,$GNRMC,080808.00,A,1451.06243,N,10205.00898,E,0.001,,180726,0.76,W,R,V*41
1784362088.302,$GNVTG,,T,,M,0.001,N,0.002,K,D*3B
1784362088.303,$GNGGA,080808.00,1451.06243,N,10205.00898,E,4,12,0.69,260.4,M,-24.5,M,,0499*64
1784362088.306,$GNGSA,A,3,10,24,25,32,18,28,23,12,,,,,1.56,0.69,1.40,1*09
1784362088.307,$GNGSA,A,3,71,87,72,73,74,86,75,,,,,,1.56,0.69,1.40,2*0D
1784362088.308,$GNGSA,A,3,25,15,03,36,16,34,05,,,,,,1.56,0.69,1.40,3*0B
1784362088.309,$GNGSA,A,3,30,20,09,11,37,06,07,10,,,,,1.56,0.69,1.40,4*00
1784362088.310,$GPGSV,4,1,13,10,39,348,37,12,21,095,33,13,25,090,41,18,49,176,40,1*66
1784362088.311,$GPGSV,4,2,13,23,55,039,40,24,16,037,23,25,31,135,33,27,03,267,18,1*65
1784362088.313,$GPGSV,4,3,13,28,40,219,44,32,34,302,36,40,34,258,41,41,62,233,45,1*6C
1784362088.314,$GPGSV,4,4,13,42,68,219,46,1*56
1784362088.315,$GPGSV,3,1,09,10,39,348,38,12,21,095,36,13,25,090,41,18,49,176,44,6*63
1784362088.317,$GPGSV,3,2,09,23,55,039,42,24,16,037,28,25,31,135,38,28,40,219,41,6*61
1784362088.318,$GPGSV,3,3,09,32,34,302,41,6*58
1784362088.320,$GPGSV,1,1,04,15,02,067,,29,02,164,,31,11,216,,50,56,119,,0*64
1784362088.321,$GLGSV,2,1,08,71,17,040,41,72,26,345,22,73,20,047,39,74,45,099,39,1*76
1784362088.323,$GLGSV,2,2,08,75,28,164,30,86,44,212,43,87,48,275,43,,,,27,1*41
1784362088.324,$GLGSV,2,1,06,71,17,040,41,72,26,345,37,73,20,047,38,75,28,164,22,3*7C
1784362088.325,$GLGSV,2,2,06,86,44,212,44,,,,42,3*45
1784362088.325,$GLGSV,1,1,02,65,07,297,,88,03,327,,0*76
1784362088.327,$GAGSV,2,1,08,03,45,304,46,05,37,017,49,15,25,323,42,16,14,091,37,2*79
1784362088.328,$GAGSV,2,2,08,25,22,139,40,32,31,273,43,34,75,288,50,36,45,158,47,2*7D
1784362088.329,$GAGSV,2,1,08,03,45,304,42,05,37,017,39,15,25,323,34,16,14,091,34,7*7D
1784362088.330,$GAGSV,2,2,08,25,22,139,28,32,31,273,40,34,75,288,48,36,45,158,42,7*79
1784362088.331,$GAGSV,1,1,03,02,07,189,,08,12,257,,09,00,052,,0*47
1784362088.332,$GBGSV,2,1,08,06,49,052,39,07,80,089,48,09,45,009,43,10,77,146,45,1*7C
1784362088.333,$GBGSV,2,2,08,11,39,247,42,20,35,343,40,30,35,211,45,37,53,093,44,1*79
1784362088.334,$GBGSV,1,1,02,09,45,009,45,10,77,146,47,3*77
1784362088.335,$GBGSV,2,1,05,12,27,322,,19,10,301,,23,15,048,,27,06,162,,0*70
1784362088.335,$GBGSV,2,2,05,27,06,162,,0*44
1784362088.336,$GNGLL,1451.06243,N,10205.00898,E,080808.00,A,D*77
