1784361924.288,$GNRMC,080524.00,A,1451.06155,N,10205.01143,E,0.015,,180726,0.76,W,D,V*5B
1784361924.289,$GNVTG,,T,,M,0.015,N,0.029,K,D*37
1784361924.290,$GNGGA,080524.00,1451.06155,N,10205.01143,E,2,12,0.49,262.3,M,-24.5,M,,0499*6C
1784361924.290,$GNGSA,A,3,24,10,25,32,18,28,23,12,,,,,1.06,0.49,0.94,1*06
1784361924.291,$GNGSA,A,3,71,74,87,72,73,86,75,,,,,,1.06,0.49,0.94,2*02
1784361924.292,$GNGSA,A,3,25,15,03,36,16,34,05,,,,,,1.06,0.49,0.94,3*04
1784361924.292,$GNGSA,A,3,30,09,11,37,20,06,07,10,,,,,1.06,0.49,0.94,4*0F
1784361924.293,$GPGSV,3,1,12,10,38,347,38,12,21,096,36,13,25,091,40,18,50,177,46,1*68
1784361924.294,$GPGSV,3,2,12,23,54,038,43,24,17,037,31,25,31,136,31,28,39,218,40,1*60
1784361924.295,$GPGSV,3,3,12,32,34,301,41,40,34,258,39,41,62,233,46,42,68,219,45,1*62
1784361924.296,$GPGSV,3,1,09,10,38,347,30,12,21,096,35,13,25,091,41,18,50,177,41,6*68
1784361924.297,$GPGSV,3,2,09,23,54,038,41,24,17,037,27,25,31,136,36,28,39,218,37,6*6F
1784361924.298,$GPGSV,3,3,09,32,34,301,31,6*5C
1784361924.299,$GPGSV,2,1,05,15,03,067,,27,03,268,,29,03,164,,31,10,216,,0*62
1784361924.299,$GPGSV,2,2,05,31,10,216,,0*56
1784361924.300,$GLGSV,2,1,08,71,18,039,30,72,26,344,34,73,20,048,38,74,45,100,33,1*72
1784361924.301,$GLGSV,2,2,08,75,27,165,34,86,45,213,46,87,48,277,47,,,,33,1*4D
1784361924.302,$GLGSV,2,1,07,71,18,039,39,72,26,344,37,73,20,048,34,75,27,165,29,3*74
1784361924.303,$GLGSV,2,2,07,86,45,213,41,87,48,277,09,,,,39,3*75
1784361924.304,$GLGSV,1,1,02,65,07,296,,88,03,328,,0*78
1784361924.305,$GAGSV,2,1,08,03,45,302,43,05,37,016,43,15,24,323,42,16,14,092,37,2*73
1784361924.306,$GAGSV,2,2,08,25,21,140,36,32,30,272,47,34,75,293,49,36,45,157,46,2*79
1784361924.307,$GAGSV,2,1,08,03,45,302,33,05,37,016,41,15,24,323,25,16,14,092,27,7*73
1784361924.308,$GAGSV,2,2,08,25,21,140,32,32,30,272,41,34,75,293,47,36,45,157,43,7*75
1784361924.308,$GAGSV,1,1,03,02,07,190,,08,12,256,,09,01,051,,0*4C
1784361924.309,$GBGSV,2,1,08,06,48,051,34,07,79,094,47,09,45,008,47,10,76,147,44,1*72
1784361924.310,$GBGSV,2,2,08,11,40,249,43,20,35,342,30,30,36,212,45,37,53,096,48,1*77
1784361924.311,$GBGSV,1,1,02,09,45,008,41,10,76,147,44,3*71
1784361924.312,$GBGSV,2,1,05,12,26,320,,19,10,299,,23,16,049,,27,07,163,,0*71
1784361924.312,$GBGSV,2,2,05,27,07,163,,0*44
1784361924.313,$GNGLL,1451.06155,N,10205.01143,E,080524.00,A,D*7E
1784361925.295,$GNRMC,080525.00,A,1451.06242,N,10205.00877,E,0.003,,180726,0.76,W,F,V*55
1784361925.296,$GNVTG,,T,,M,0.003,N,0.006,K,D*3D
1784361925.297,$GNGGA,080525.00,1451.06242,N,10205.00877,E,5,12,0.69,259.8,M,-24.5,M,,0499*61
1784361925.297,$GNGSA,A,3,24,10,25,32,18,28,23,12,,,,,1.54,0.69,1.38,1*04
1784361925.298,$GNGSA,A,3,71,74,87,72,73,86,75,,,,,,1.54,0.69,1.38,2*00
1784361925.299,$GNGSA,A,3,25,15,03,36,16,34,05,,,,,,1.54,0.69,1.38,3*06
1784361925.299,$GNGSA,A,3,30,09,11,37,06,07,10,,,,,,1.54,0.69,1.38,4*0F
1784361925.300,$GPGSV,3,1,12,10,38,347,38,12,21,096,36,13,25,091,39,18,50,177,45,1*65
1784361925.301,$GPGSV,3,2,12,23,54,038,44,24,17,037,30,25,31,136,31,28,39,218,40,1*66
1784361925.302,$GPGSV,3,3,12,32,34,301,41,40,34,258,41,41,62,233,46,42,68,219,46,1*6E
1784361925.303,$GPGSV,3,1,09,10,38,347,34,12,21,096,36,13,25,091,44,18,50,177,42,6*69
1784361925.304,$GPGSV,3,2,09,23,54,038,43,24,17,037,28,25,31,136,35,28,39,218,40,6*61
1784361925.305,$GPGSV,3,3,09,32,34,301,33,6*5E
1784361925.305,$GPGSV,2,1,05,15,03,067,,27,03,268,,29,03,164,,31,10,216,,0*62
1784361925.306,$GPGSV,2,2,05,31,10,216,,0*56
1784361925.307,$GLGSV,2,1,08,71,18,039,22,72,26,344,35,73,20,048,38,74,45,100,34,1*77
1784361925.308,$GLGSV,2,2,08,75,27,165,37,86,45,213,47,87,48,277,46,,,,34,1*49
1784361925.309,$GLGSV,2,1,07,71,18,039,34,72,26,344,33,73,20,048,35,75,27,165,27,3*72
1784361925.309,$GLGSV,2,2,07,86,45,213,43,87,48,277,09,,,,36,3*78
1784361925.310,$GLGSV,1,1,02,65,07,296,,88,03,328,,0*78
1784361925.311,$GAGSV,2,1,08,03,45,302,45,05,37,016,45,15,24,323,42,16,14,092,37,2*73
1784361925.312,$GAGSV,2,2,08,25,21,140,35,32,30,272,48,34,75,293,50,36,45,157,48,2*73
1784361925.313,$GAGSV,2,1,08,03,45,302,32,05,37,016,41,15,24,323,24,16,14,092,27,7*73
1784361925.314,$GAGSV,2,2,08,25,21,140,33,32,30,272,43,34,75,293,47,36,45,157,43,7*76
1784361925.314,$GAGSV,1,1,03,02,07,190,,08,12,256,,09,01,051,,0*4C
1784361925.315,$GBGSV,2,1,08,06,48,051,38,07,79,094,48,09,45,008,46,10,76,147,44,1*70
1784361925.316,$GBGSV,2,2,08,11,40,249,43,20,35,342,23,30,36,212,46,37,53,096,46,1*78
1784361925.317,$GBGSV,1,1,02,09,45,008,44,10,76,147,46,3*76
1784361925.318,$GBGSV,2,1,05,12,26,320,,19,10,299,,23,16,049,,27,07,163,,0*71
1784361925.318,$GBGSV,2,2,05,27,07,163,,0*44
1784361925.319,$GNGLL,1451.06242,N,10205.00877,E,080525.00,A,D*75
1784361926.294,$GNRMC,080526.00,A,1451.06242,N,10205.00877,E,0.014,,180726,0.76,W,F,V*50
1784361926.295,$GNVTG,,T,,M,0.014,N,0.026,K,D*39
1784361926.296,$GNGGA,080526.00,1451.06242,N,10205.00877,E,5,12,0.69,259.8,M,-24.5,M,,0499*62
1784361926.297,$GNGSA,A,3,24,10,25,32,18,28,23,12,,,,,1.54,0.69,1.38,1*04
1784361926.298,$GNGSA,A,3,71,74,87,72,73,86,75,,,,,,1.54,0.69,1.38,2*00
1784361926.298,$GNGSA,A,3,25,15,03,36,16,34,05,,,,,,1.54,0.69,1.38,3*06
1784361926.299,$GNGSA,A,3,30,09,11,37,06,07,10,,,,,,1.54,0.69,1.38,4*0F
1784361926.300,$GPGSV,3,1,12,10,38,347,38,12,21,096,36,13,25,091,39,18,50,177,45,1*65
1784361926.302,$GPGSV,3,2,12,23,54,038,43,24,17,037,29,25,31,136,31,28,39,218,41,1*68
1784361926.303,$GPGSV,3,3,12,32,34,301,39,40,34,258,41,41,62,233,46,42,68,219,46,1*61
1784361926.304,$GPGSV,3,1,09,10,38,347,35,12,21,096,35,13,25,091,44,18,50,177,44,6*6D
1784361926.305,$GPGSV,3,2,09,23,54,038,44,24,17,037,29,25,31,136,35,28,39,218,40,6*67
1784361926.305,$GPGSV,3,3,09,32,34,301,37,6*5A
1784361926.306,$GPGSV,2,1,05,15,03,067,,27,03,268,,29,03,164,,31,10,216,,0*62
1784361926.307,$GPGSV,2,2,05,31,10,216,,0*56
1784361926.308,$GLGSV,2,1,08,71,18,039,31,72,26,344,35,73,20,048,39,74,45,100,37,1*77
1784361926.308,$GLGSV,2,2,08,75,27,165,33,86,45,213,47,87,48,277,46,,,,32,1*4B
1784361926.309,$GLGSV,2,1,07,71,18,039,37,72,26,344,37,73,20,048,31,75,27,165,28,3*7E
1784361926.310,$GLGSV,2,2,07,86,45,213,42,87,48,277,09,,,,34,3*7B
1784361926.311,$GLGSV,1,1,02,65,07,296,,88,03,328,,0*78
1784361926.312,$GAGSV,2,1,08,03,45,302,46,05,37,016,45,15,24,323,41,16,14,092,37,2*73
1784361926.313,$GAGSV,2,2,08,25,21,140,35,32,30,272,48,34,75,293,51,36,45,157,47,2*7D
1784361926.314,$GAGSV,2,1,08,03,45,302,35,05,37,016,42,15,24,323,26,16,14,092,26,7*74
1784361926.314,$GAGSV,2,2,08,25,21,140,33,32,30,272,44,34,75,293,47,36,45,157,43,7*71
1784361926.315,$GAGSV,1,1,03,02,07,190,,08,12,256,,09,01,051,,0*4C
1784361926.316,$GBGSV,2,1,08,06,48,051,38,07,79,094,47,09,45,008,47,10,76,147,44,1*7E
1784361926.317,$GBGSV,2,2,08,11,40,249,42,20,35,342,33,30,36,212,45,37,53,096,47,1*7A
1784361926.318,$GBGSV,1,1,02,09,45,008,43,10,76,147,47,3*70
1784361926.319,$GBGSV,2,1,05,12,26,320,,19,10,299,,23,16,049,,27,07,163,,0*71
1784361926.319,$GBGSV,2,2,05,27,07,163,,0*44
1784361926.320,$GNGLL,1451.06242,N,10205.00877,E,080526.00,A,D*76
1784361927.294,$GNRMC,080527.00,A,1451.06242,N,10205.00853,E,0.011,,180726,0.76,W,F,V*52
1784361927.295,$GNVTG,,T,,M,0.011,N,0.021,K,D*3B
1784361927.296,$GNGGA,080527.00,1451.06242,N,10205.00853,E,5,12,0.69,259.6,M,-24.5,M,,0499*6B
1784361927.297,$GNGSA,A,3,24,10,25,32,18,28,23,12,,,,,1.54,0.69,1.38,1*04
1784361927.298,$GNGSA,A,3,71,74,87,72,73,86,75,,,,,,1.54,0.69,1.38,2*00
1784361927.299,$GNGSA,A,3,25,15,03,36,16,34,05,,,,,,1.54,0.69,1.38,3*06
1784361927.299,$GNGSA,A,3,30,09,11,37,06,07,10,,,,,,1.54,0.69,1.38,4*0F
1784361927.300,$GPGSV,3,1,12,10,38,347,36,12,21,096,32,13,25,091,41,18,50,177,46,1*63
1784361927.301,$GPGSV,3,2,12,23,54,038,43,24,17,037,30,25,31,136,30,28,39,218,39,1*6E
1784361927.302,$GPGSV,3,3,12,32,34,301,38,40,34,258,40,41,62,233,45,42,68,219,46,1*62
1784361927.303,$GPGSV,3,1,09,10,38,347,35,12,21,096,35,13,25,091,44,18,50,177,45,6*6C
1784361927.304,$GPGSV,3,2,09,23,54,038,45,24,17,037,28,25,31,136,37,28,39,218,41,6*64
1784361927.305,$GPGSV,3,3,09,32,34,301,38,6*55
1784361927.306,$GPGSV,2,1,05,15,03,067,,27,03,268,,29,03,164,,31,10,216,,0*62
1784361927.306,$GPGSV,2,2,05,31,10,216,,0*56
1784361927.307,$GLGSV,2,1,08,71,18,039,30,72,26,344,35,73,20,048,41,74,45,100,36,1*78
1784361927.308,$GLGSV,2,2,08,75,27,165,34,86,45,213,47,87,48,277,47,,,,33,1*4C
1784361927.309,$GLGSV,2,1,07,71,18,039,39,72,26,344,36,73,20,048,35,75,27,165,28,3*75
1784361927.310,$GLGSV,2,2,07,86,45,213,45,87,48,277,10,,,,39,3*79
1784361927.310,$GLGSV,1,1,02,65,07,296,,88,03,328,,0*78
1784361927.311,$GAGSV,2,1,08,03,45,302,46,05,37,016,44,15,24,323,39,16,14,092,37,2*7D
1784361927.313,$GAGSV,2,2,08,25,21,140,34,32,30,272,47,34,75,293,51,36,45,157,47,2*73
1784361927.315,$GAGSV,2,1,08,03,45,302,34,05,37,016,41,15,24,323,33,16,14,092,25,7*71
1784361927.316,$GAGSV,2,2,08,25,21,140,34,32,30,272,41,34,75,293,47,36,45,157,43,7*73
1784361927.317,$GAGSV,1,1,03,02,07,190,,08,12,257,,09,01,051,,0*4D
1784361927.318,$GBGSV,2,1,08,06,48,051,39,07,79,094,46,09,45,008,46,10,76,147,44,1*7F
1784361927.319,$GBGSV,2,2,08,11,40,249,42,20,35,342,32,30,36,212,46,37,53,096,47,1*78
1784361927.320,$GBGSV,1,1,02,09,45,008,44,10,76,147,48,3*78
1784361927.320,$GBGSV,2,1,05,12,26,320,,19,10,299,,23,16,049,,27,07,163,,0*71
1784361927.321,$GBGSV,2,2,05,27,07,163,,0*44
1784361927.322,$GNGLL,1451.06242,N,10205.00853,E,080527.00,A,D*71
1784361928.295,$GNRMC,080528.00,A,1451.06241,N,10205.00847,E,0.010,,180726,0.76,W,F,V*5A
1784361928.296,$GNVTG,,T,,M,0.010,N,0.018,K,D*30
1784361928.297,$GNGGA,080528.00,1451.06241,N,10205.00847,E,5,12,0.69,259.6,M,-24.5,M,,0499*62
1784361928.298,$GNGSA,A,3,24,10,25,32,18,28,23,12,,,,,1.54,0.69,1.38,1*04
1784361928.299,$GNGSA,A,3,71,74,87,72,73,86,75,,,,,,1.54,0.69,1.38,2*00
1784361928.299,$GNGSA,A,3,25,15,03,36,16,34,05,,,,,,1.54,0.69,1.38,3*06
1784361928.300,$GNGSA,A,3,30,09,11,37,06,07,10,,,,,,1.54,0.69,1.38,4*0F
1784361928.301,$GPGSV,3,1,12,10,38,347,39,12,21,096,34,13,25,091,42,18,50,177,45,1*6A
1784361928.302,$GPGSV,3,2,12,23,54,038,44,24,17,037,31,25,31,136,30,28,39,218,38,1*69
1784361928.303,$GPGSV,3,3,12,32,34,301,39,40,34,258,40,41,62,233,45,42,68,219,46,1*63
1784361928.304,$GPGSV,3,1,09,10,38,347,35,12,21,096,35,13,25,091,43,18,50,177,44,6*6A
1784361928.305,$GPGSV,3,2,09,23,54,038,44,24,17,037,28,25,31,136,36,28,39,218,39,6*6B
1784361928.306,$GPGSV,3,3,09,32,34,301,37,6*5A
1784361928.307,$GPGSV,2,1,05,15,03,067,,27,03,268,,29,03,164,,31,10,216,,0*62
1784361928.309,$GPGSV,2,2,05,31,10,216,,0*56
1784361928.310,$GLGSV,2,1,08,71,18,039,34,72,26,344,34,73,20,048,39,74,45,100,35,1*71
1784361928.310,$GLGSV,2,2,08,75,27,165,30,86,45,213,47,87,48,277,46,,,,33,1*49
1784361928.311,$GLGSV,2,1,07,71,18,039,38,72,26,344,36,73,20,048,36,75,27,165,29,3*76
1784361928.312,$GLGSV,2,2,07,86,45,213,44,87,48,277,14,,,,39,3*7C
1784361928.313,$GLGSV,1,1,02,65,07,296,,88,03,328,,0*78
1784361928.314,$GAGSV,2,1,08,03,45,302,47,05,37,016,45,15,24,323,40,16,14,092,36,2*72
1784361928.315,$GAGSV,2,2,08,25,21,140,35,32,30,272,46,34,75,293,50,36,45,157,47,2*72
1784361928.316,$GAGSV,2,1,08,03,45,302,34,05,37,016,41,15,24,323,32,16,14,092,23,7*76
1784361928.317,$GAGSV,2,2,08,25,21,140,34,32,30,272,42,34,75,293,47,36,45,157,42,7*71
1784361928.318,$GAGSV,1,1,03,02,07,190,,08,12,257,,09,00,051,,0*4C
1784361928.319,$GBGSV,2,1,08,06,48,051,40,07,79,094,47,09,45,008,46,10,76,147,44,1*70
1784361928.320,$GBGSV,2,2,08,11,40,249,44,20,35,342,24,30,36,212,45,37,53,096,46,1*7B
1784361928.321,$GBGSV,1,1,03,06,48,051,15,09,45,008,44,10,76,147,47,3*4C
1784361928.321,$GBGSV,2,1,05,12,26,320,,19,10,299,,23,16,049,,27,07,163,,0*71
1784361928.322,$GBGSV,2,2,05,27,07,163,,0*44
1784361928.323,$GNGLL,1451.06241,N,10205.00847,E,080528.00,A,D*78
1784361929.296,$GNRMC,080529.00,A,1451.06241,N,10205.00846,E,0.004,,180726,0.76,W,F,V*5F
1784361929.297,$GNVTG,,T,,M,0.004,N,0.007,K,D*3B
1784361929.298,$GNGGA,080529.00,1451.06241,N,10205.00846,E,5,12,0.69,259.5,M,-24.5,M,,0499*61
1784361929.299,$GNGSA,A,3,24,10,25,32,18,28,23,12,,,,,1.54,0.69,1.38,1*04
1784361929.299,$GNGSA,A,3,71,74,87,72,73,86,75,,,,,,1.54,0.69,1.38,2*00
1784361929.300,$GNGSA,A,3,25,15,03,36,16,34,05,,,,,,1.54,0.69,1.38,3*06
1784361929.301,$GNGSA,A,3,30,09,11,37,06,07,10,,,,,,1.54,0.69,1.38,4*0F
1784361929.302,$GPGSV,3,1,12,10,38,347,39,12,21,096,36,13,25,091,41,18,50,177,46,1*68
1784361929.303,$GPGSV,3,2,12,23,54,038,42,24,17,037,31,25,31,136,29,28,39,218,38,1*67
1784361929.304,$GPGSV,3,3,12,32,34,301,39,40,34,258,40,41,62,233,45,42,68,219,46,1*63
1784361929.305,$GPGSV,3,1,09,10,38,347,38,12,21,096,35,13,25,091,43,18,50,177,44,6*67
1784361929.306,$GPGSV,3,2,09,23,54,038,44,24,17,037,30,25,31,136,36,28,39,218,40,6*6C
1784361929.306,$GPGSV,3,3,09,32,34,301,36,6*5B
1784361929.307,$GPGSV,2,1,05,15,03,067,,27,03,268,,29,03,164,,31,10,216,,0*62
1784361929.308,$GPGSV,2,2,05,31,10,216,,0*56
1784361929.309,$GLGSV,2,1,08,71,18,039,33,72,26,344,35,73,20,048,38,74,45,100,34,1*77
1784361929.310,$GLGSV,2,2,08,75,27,165,35,86,45,213,47,87,48,277,47,,,,37,1*49
1784361929.311,$GLGSV,2,1,07,71,18,039,38,72,26,344,36,73,20,048,37,75,27,165,24,3*7A
1784361929.311,$GLGSV,2,2,07,86,45,213,44,87,48,277,14,,,,40,3*72
1784361929.312,$GLGSV,1,1,02,65,07,296,,88,03,328,,0*78
1784361929.313,$GAGSV,2,1,08,03,45,302,46,05,37,016,45,15,24,323,40,16,14,092,32,2*77
1784361929.314,$GAGSV,2,2,08,25,21,140,35,32,30,272,47,34,75,293,50,36,45,157,47,2*73
1784361929.315,$GAGSV,2,1,08,03,45,302,33,05,37,016,42,15,24,323,31,16,14,092,24,7*76
1784361929.316,$GAGSV,2,2,08,25,21,140,34,32,30,272,43,34,75,293,47,36,45,157,42,7*70
1784361929.316,$GAGSV,1,1,03,02,07,190,,08,12,257,,09,00,051,,0*4C
1784361929.317,$GBGSV,2,1,08,06,48,051,38,07,79,094,47,09,45,008,47,10,76,147,44,1*7E
1784361929.318,$GBGSV,2,2,08,11,40,249,42,20,35,342,31,30,36,212,46,37,53,096,46,1*7A
1784361929.319,$GBGSV,1,1,03,06,48,051,10,09,45,008,43,10,76,147,47,3*4E
1784361929.320,$GBGSV,2,1,05,12,26,320,,19,10,299,,23,16,049,,27,07,163,,0*71
1784361929.320,$GBGSV,2,2,05,27,07,163,,0*44
1784361929.321,$GNGLL,1451.06241,N,10205.00846,E,080529.00,A,D*78
1784361930.294,$GNRMC,080530.00,A,1451.06240,N,10205.00845,E,0.006,,180726,0.76,W,F,V*57
1784361930.295,$GNVTG,,T,,M,0.006,N,0.011,K,D*3E
1784361930.296,$GNGGA,080530.00,1451.06240,N,10205.00845,E,5,12,0.69,259.5,M,-24.5,M,,0499*6B
1784361930.297,$GNGSA,A,3,24,10,25,32,18,28,23,12,,,,,1.54,0.69,1.38,1*04
1784361930.298,$GNGSA,A,3,71,74,87,72,73,86,75,,,,,,1.54,0.69,1.38,2*00
1784361930.299,$GNGSA,A,3,25,15,03,36,16,34,05,,,,,,1.54,0.69,1.38,3*06
1784361930.299,$GNGSA,A,3,30,09,11,37,06,07,10,,,,,,1.54,0.69,1.38,4*0F
1784361930.300,$GPGSV,3,1,12,10,38,347,36,12,21,096,32,13,25,091,42,18,50,177,46,1*60
1784361930.301,$GPGSV,3,2,12,23,54,038,41,24,17,037,31,25,31,136,30,28,39,218,40,1*63
1784361930.302,$GPGSV,3,3,12,32,34,301,40,40,34,258,41,41,62,233,46,42,68,219,47,1*6E
1784361930.303,$GPGSV,3,1,09,10,38,347,35,12,21,096,35,13,25,091,44,18,50,177,44,6*6D
1784361930.304,$GPGSV,3,2,09,23,54,038,44,24,17,037,32,25,31,136,36,28,39,218,40,6*6E
1784361930.305,$GPGSV,3,3,09,32,34,301,36,6*5B
1784361930.305,$GPGSV,2,1,05,15,03,067,,27,03,268,,29,03,164,,31,10,216,,0*62
1784361930.306,$GPGSV,2,2,05,31,10,216,,0*56
1784361930.307,$GLGSV,2,1,08,71,18,039,32,72,26,344,33,73,20,048,37,74,45,100,34,1*7F
1784361930.308,$GLGSV,2,2,08,75,27,165,31,86,45,213,47,87,48,277,48,,,,37,1*42
1784361930.310,$GLGSV,2,1,07,71,18,039,38,72,26,344,36,73,20,048,37,75,27,165,26,3*78
1784361930.311,$GLGSV,2,2,07,86,45,213,44,87,48,277,13,,,,39,3*7B
1784361930.312,$GLGSV,1,1,02,65,07,296,,88,03,328,,0*78
1784361930.313,$GAGSV,2,1,08,03,45,302,45,05,37,016,45,15,24,323,42,16,14,092,32,2*76
1784361930.314,$GAGSV,2,2,08,25,21,140,34,32,30,272,47,34,75,293,50,36,45,157,48,2*7D
1784361930.315,$GAGSV,2,1,08,03,45,302,31,05,37,016,43,15,24,323,30,16,14,092,26,7*76
1784361930.316,$GAGSV,2,2,08,25,21,140,33,32,30,272,43,34,75,293,47,36,45,157,44,7*71
1784361930.317,$GAGSV,1,1,03,02,07,190,,08,12,257,,09,00,051,,0*4C
1784361930.318,$GBGSV,2,1,08,06,48,051,32,07,79,094,47,09,45,008,47,10,76,147,42,1*72
1784361930.319,$GBGSV,2,2,08,11,40,249,42,20,35,342,37,30,36,212,46,37,53,096,46,1*7C
1784361930.320,$GBGSV,1,1,03,06,48,051,08,09,45,008,43,10,76,147,47,3*47
1784361930.321,$GBGSV,2,1,05,12,26,320,,19,10,299,,23,16,049,,27,07,163,,0*71
1784361930.321,$GBGSV,2,2,05,27,07,163,,0*44
1784361930.322,$GNGLL,1451.06240,N,10205.00845,E,080530.00,A,D*72
1784361931.289,$GNRMC,080531.00,A,1451.06240,N,10205.00845,E,0.005,,180726,0.76,W,F,V*55
1784361931.290,$GNVTG,,T,,M,0.005,N,0.010,K,D*3C
1784361931.291,$GNGGA,080531.00,1451.06240,N,10205.00845,E,5,12,0.69,259.5,M,-24.5,M,,0499*6A
1784361931.292,$GNGSA,A,3,24,10,25,32,18,28,23,12,,,,,1.54,0.69,1.38,1*04
1784361931.293,$GNGSA,A,3,71,74,87,72,73,86,75,,,,,,1.54,0.69,1.38,2*00
1784361931.294,$GNGSA,A,3,25,15,03,36,16,34,05,,,,,,1.54,0.69,1.38,3*06
1784361931.295,$GNGSA,A,3,30,09,11,37,06,07,10,,,,,,1.54,0.69,1.38,4*0F
1784361931.295,$GPGSV,3,1,12,10,38,347,33,12,21,096,28,13,25,091,44,18,50,177,46,1*68
1784361931.296,$GPGSV,3,2,12,23,54,038,41,24,17,037,32,25,31,136,32,28,39,218,37,1*62
1784361931.297,$GPGSV,3,3,12,32,34,301,40,40,34,258,41,41,62,233,46,42,68,219,45,1*6C
1784361931.298,$GPGSV,3,1,09,10,38,347,36,12,21,096,38,13,25,091,43,18,50,177,44,6*64
1784361931.299,$GPGSV,3,2,09,23,54,038,44,24,17,037,26,25,31,136,36,28,39,218,42,6*69
1784361931.300,$GPGSV,3,3,09,32,34,301,33,6*5E
1784361931.301,$GPGSV,2,1,05,15,03,067,,27,03,268,,29,03,164,,31,10,216,,0*62
1784361931.301,$GPGSV,2,2,05,31,10,216,,0*56
1784361931.302,$GLGSV,2,1,08,71,18,039,34,72,26,344,33,73,20,048,39,74,45,100,33,1*70
1784361931.303,$GLGSV,2,2,08,75,27,165,36,86,45,213,46,87,48,277,47,,,,33,1*4F
1784361931.306,$GLGSV,2,1,07,71,18,039,39,72,26,344,36,73,20,048,37,75,27,165,27,3*78
1784361931.306,$GLGSV,2,2,07,86,45,213,44,87,48,277,10,,,,34,3*75
1784361931.307,$GLGSV,1,1,02,65,07,296,,88,03,328,,0*78
1784361931.308,$GAGSV,2,1,08,03,45,302,45,05,37,016,46,15,24,323,42,16,14,092,33,2*74
1784361931.309,$GAGSV,2,2,08,25,21,140,33,32,30,272,47,34,75,293,50,36,45,157,48,2*7A
1784361931.310,$GAGSV,2,1,08,03,45,302,30,05,37,016,43,15,24,323,30,16,14,092,23,7*72
1784361931.311,$GAGSV,2,2,08,25,21,140,34,32,30,272,42,34,75,293,47,36,45,157,42,7*71
1784361931.312,$GAGSV,1,1,03,02,07,190,,08,12,257,,09,00,051,,0*4C
1784361931.312,$GBGSV,2,1,08,06,48,051,25,07,79,094,48,09,45,008,46,10,76,147,43,1*7B
1784361931.313,$GBGSV,2,2,08,11,40,249,43,20,35,342,33,30,36,212,46,37,53,096,47,1*78
1784361931.314,$GBGSV,1,1,03,06,48,051,07,09,45,008,44,10,76,147,47,3*4F
1784361931.315,$GBGSV,2,1,05,12,26,320,,19,10,299,,23,16,049,,27,07,163,,0*71
1784361931.316,$GBGSV,2,2,05,27,07,163,,0*44
1784361931.317,$GNGLL,1451.06240,N,10205.00845,E,080531.00,A,D*73
1784361932.300,$GNRMC,080532.00,A,1451.06245,N,10205.00893,E,0.012,,180726,0.76,W,R,V*4A
1784361932.301,$GNVTG,,T,,M,0.012,N,0.022,K,D*3B
1784361932.302,$GNGGA,080532.00,1451.06245,N,10205.00893,E,4,12,0.69,260.4,M,-24.5,M,,0499*6D
1784361932.303,$GNGSA,A,3,24,10,25,32,18,28,23,12,,,,,1.54,0.69,1.38,1*04
1784361932.304,$GNGSA,A,3,71,74,87,72,73,86,75,,,,,,1.54,0.69,1.38,2*00
1784361932.305,$GNGSA,A,3,25,15,03,36,16,34,05,,,,,,1.54,0.69,1.38,3*06
1784361932.305,$GNGSA,A,3,30,09,11,37,06,07,10,,,,,,1.54,0.69,1.38,4*0F
1784361932.306,$GPGSV,3,1,12,10,38,347,36,12,21,096,30,13,25,091,44,18,50,177,46,1*64
1784361932.307,$GPGSV,3,2,12,23,54,038,40,24,17,037,31,25,31,136,32,28,39,218,37,1*60
1784361932.308,$GPGSV,3,3,12,32,34,301,39,40,34,258,41,41,62,233,46,42,68,219,45,1*62
1784361932.309,$GPGSV,3,1,09,10,38,347,36,12,21,096,37,13,25,091,43,18,50,177,44,6*6B
1784361932.310,$GPGSV,3,2,09,23,54,038,44,24,17,037,25,25,31,136,37,28,39,218,42,6*6B
1784361932.311,$GPGSV,3,3,09,32,34,301,36,6*5B
1784361932.312,$GPGSV,2,1,05,15,03,067,,27,03,268,,29,03,164,,31,10,216,,0*62
1784361932.313,$GPGSV,2,2,05,31,10,216,,0*56
1784361932.314,$GLGSV,2,1,08,71,18,039,33,72,26,344,35,73,20,048,37,74,45,100,34,1*78
1784361932.315,$GLGSV,2,2,08,75,27,165,35,86,45,213,46,87,48,277,47,,,,39,1*46
1784361932.316,$GLGSV,2,1,07,71,18,039,39,72,26,344,37,73,20,048,36,75,27,165,28,3*77
1784361932.318,$GLGSV,2,2,07,86,45,213,44,87,48,277,10,,,,35,3*74
1784361932.319,$GLGSV,1,1,02,65,07,296,,88,03,328,,0*78
1784361932.321,$GAGSV,2,1,08,03,45,302,46,05,37,016,47,15,24,323,40,16,14,092,33,2*74
1784361932.322,$GAGSV,2,2,08,25,21,140,33,32,30,272,47,34,75,293,50,36,45,157,48,2*7A
1784361932.323,$GAGSV,2,1,08,03,45,302,32,05,37,016,43,15,24,323,30,16,14,092,20,7*73
1784361932.324,$GAGSV,2,2,08,25,21,140,35,32,30,272,43,34,75,293,46,36,45,157,43,7*71
1784361932.324,$GAGSV,1,1,03,02,07,190,,08,12,257,,09,00,051,,0*4C
1784361932.325,$GBGSV,2,1,08,06,48,051,33,07,79,094,48,09,45,008,46,10,76,147,44,1*7B
1784361932.326,$GBGSV,2,2,08,11,40,249,43,20,35,342,28,30,36,212,47,37,53,096,46,1*72
1784361932.327,$GBGSV,1,1,03,06,48,051,07,09,45,008,44,10,76,147,47,3*4F
1784361932.328,$GBGSV,2,1,05,12,26,320,,19,10,299,,23,16,049,,27,07,163,,0*71
1784361932.329,$GBGSV,2,2,05,27,07,163,,0*44
1784361932.330,$GNGLL,1451.06245,N,10205.00893,E,080532.00,A,D*7E
1784361933.295,$GNRMC,080533.00,A,1451.06245,N,10205.00894,E,0.013,,180726,0.76,W,R,V*4D
1784361933.296,$GNVTG,,T,,M,0.013,N,0.023,K,D*3B
1784361933.297,$GNGGA,080533.00,1451.06245,N,10205.00894,E,4,12,0.69,260.4,M,-24.5,M,,0499*6B
1784361933.298,$GNGSA,A,3,24,10,25,32,18,28,23,12,,,,,1.54,0.69,1.38,1*04
1784361933.299,$GNGSA,A,3,71,74,87,72,73,86,75,,,,,,1.54,0.69,1.38,2*00
1784361933.300,$GNGSA,A,3,25,15,03,36,16,34,05,,,,,,1.54,0.69,1.38,3*06
1784361933.301,$GNGSA,A,3,30,09,11,37,06,07,10,,,,,,1.54,0.69,1.38,4*0F
1784361933.301,$GPGSV,3,1,12,10,38,347,38,12,21,096,29,13,25,091,43,18,50,177,46,1*65
1784361933.303,$GPGSV,3,2,12,23,54,038,42,24,17,037,28,25,31,136,27,28,39,218,38,1*61
1784361933.304,$GPGSV,3,3,12,32,34,301,38,40,34,258,41,41,62,233,46,42,68,219,45,1*63
1784361933.305,$GPGSV,3,1,09,10,38,347,34,12,21,096,38,13,25,091,43,18,50,177,43,6*61
1784361933.306,$GPGSV,3,2,09,23,54,038,44,24,17,037,25,25,31,136,37,28,39,218,40,6*69
1784361933.306,$GPGSV,3,3,09,32,34,301,37,6*5A
1784361933.307,$GPGSV,2,1,05,15,03,067,,27,03,268,,29,03,164,,31,10,216,,0*62
1784361933.308,$GPGSV,2,2,05,31,10,216,,0*56
1784361933.309,$GLGSV,2,1,08,71,18,039,36,72,26,344,36,73,20,048,38,74,45,100,35,1*70
1784361933.311,$GLGSV,2,2,08,75,27,165,34,86,45,213,46,87,48,277,46,,,,39,1*46
1784361933.312,$GLGSV,2,1,07,71,18,039,40,72,26,344,38,73,20,048,37,75,27,165,26,3*79
1784361933.313,$GLGSV,2,2,07,86,45,213,44,87,48,277,10,,,,35,3*74
1784361933.314,$GLGSV,1,1,02,65,07,296,,88,03,328,,0*78
1784361933.315,$GAGSV,2,1,08,03,45,302,46,05,37,016,47,15,24,323,39,16,14,092,33,2*7A
1784361933.316,$GAGSV,2,2,08,25,21,140,33,32,30,272,47,34,75,293,50,36,45,157,48,2*7A
1784361933.317,$GAGSV,2,1,08,03,45,302,33,05,37,016,42,15,24,323,31,16,14,092,20,7*72
1784361933.318,$GAGSV,2,2,08,25,21,140,35,32,30,272,43,34,75,293,48,36,45,157,42,7*7E
1784361933.319,$GAGSV,1,1,03,02,07,190,,08,12,257,,09,00,051,,0*4C
1784361933.320,$GBGSV,2,1,08,06,48,051,37,07,79,094,48,09,45,008,46,10,76,147,44,1*7F
1784361933.321,$GBGSV,2,2,08,11,40,249,43,20,35,342,29,30,36,212,47,37,53,096,45,1*70
1784361933.322,$GBGSV,1,1,03,06,48,051,07,09,45,008,44,10,76,147,47,3*4F
1784361933.323,$GBGSV,2,1,05,12,26,320,,19,10,299,,23,16,049,,27,07,163,,0*71
1784361933.324,$GBGSV,2,2,05,27,07,163,,0*44
1784361933.325,$GNGLL,1451.06245,N,10205.00894,E,080533.00,A,D*78
1784361934.296,$GNRMC,080534.00,A,1451.06245,N,10205.00893,E,0.014,,180726,0.76,W,R,V*4A
1784361934.299,$GNVTG,,T,,M,0.014,N,0.025,K,D*3A
1784361934.301,$GNGGA,080534.00,1451.06245,N,10205.00893,E,4,12,0.69,260.4,M,-24.5,M,,0499*6B
1784361934.302,$GNGSA,A,3,24,10,25,32,18,28,23,12,,,,,1.54,0.69,1.38,1*04
1784361934.303,$GNGSA,A,3,71,74,87,72,73,86,75,,,,,,1.54,0.69,1.38,2*00
1784361934.305,$GNGSA,A,3,25,15,03,36,16,34,05,,,,,,1.54,0.69,1.38,3*06
1784361934.306,$GNGSA,A,3,30,09,11,37,06,07,10,,,,,,1.54,0.69,1.38,4*0F
1784361934.307,$GPGSV,3,1,12,10,38,347,38,12,21,096,29,13,25,091,42,18,50,177,46,1*64
1784361934.309,$GPGSV,3,2,12,23,54,038,41,24,17,037,29,25,31,136,31,28,39,218,38,1*64
1784361934.311,$GPGSV,3,3,12,32,34,301,38,40,34,258,40,41,62,233,46,42,68,219,45,1*62
1784361934.313,$GPGSV,3,1,09,10,38,347,34,12,21,096,35,13,25,091,43,18,50,177,44,6*6B
1784361934.316,$GPGSV,3,2,09,23,54,038,44,24,17,037,23,25,31,136,35,28,39,218,40,6*6D
1784361934.317,$GPGSV,3,3,09,32,34,301,37,6*5A
1784361934.318,$GPGSV,2,1,05,15,03,067,,27,03,268,,29,03,164,,31,10,216,,0*62
1784361934.319,$GPGSV,2,2,05,31,10,216,,0*56
1784361934.320,$GLGSV,2,1,08,71,18,039,36,72,26,344,33,73,20,048,38,74,45,100,36,1*76
1784361934.322,$GLGSV,2,2,08,75,27,165,35,86,45,213,47,87,48,277,47,,,,33,1*4D
1784361934.323,$GLGSV,2,1,07,71,18,039,40,72,26,344,35,73,20,048,39,75,27,165,31,3*7C
1784361934.325,$GLGSV,2,2,07,86,45,213,44,87,48,277,10,,,,34,3*75
1784361934.326,$GLGSV,1,1,02,65,07,296,,88,03,328,,0*78
1784361934.328,$GAGSV,2,1,08,03,45,302,46,05,37,016,47,15,24,323,42,16,14,092,33,2*76
1784361934.329,$GAGSV,2,2,08,25,21,140,33,32,30,272,47,34,75,293,51,36,45,157,48,2*7B
1784361934.331,$GAGSV,2,1,08,03,45,302,33,05,37,016,42,15,24,323,29,16,14,092,18,7*70
1784361934.332,$GAGSV,2,2,08,25,21,140,34,32,30,272,43,34,75,293,47,36,45,157,42,7*70
1784361934.333,$GAGSV,1,1,03,02,07,190,,08,12,257,,09,00,051,,0*4C
1784361934.335,$GBGSV,2,1,08,06,48,051,36,07,79,094,48,09,45,008,46,10,76,147,44,1*7E
1784361934.336,$GBGSV,2,2,08,11,40,249,43,20,35,342,30,30,36,212,46,37,53,096,46,1*7A
1784361934.337,$GBGSV,1,1,03,06,48,051,07,09,45,008,44,10,76,147,47,3*4F
1784361934.338,$GBGSV,2,1,05,12,26,320,,19,10,299,,23,16,049,,27,07,163,,0*71
1784361934.338,$GBGSV,2,2,05,27,07,163,,0*44
1784361934.339,$GNGLL,1451.06245,N,10205.00893,E,080534.00,A,D*78
1784361935.294,$GNRMC,080535.00,A,1451.06245,N,10205.00893,E,0.011,,180726,0.76,W,R,V*4E
1784361935.295,$GNVTG,,T,,M,0.011,N,0.021,K,D*3B
1784361935.296,$GNGGA,080535.00,1451.06245,N,10205.00893,E,4,12,0.69,260.4,M,-24.5,M,,0499*6A
1784361935.297,$GNGSA,A,3,24,10,25,32,18,28,23,12,,,,,1.54,0.69,1.38,1*04
1784361935.298,$GNGSA,A,3,71,74,87,72,73,86,75,,,,,,1.54,0.69,1.38,2*00
1784361935.299,$GNGSA,A,3,25,15,03,36,16,34,05,,,,,,1.54,0.69,1.38,3*06
1784361935.299,$GNGSA,A,3,30,09,11,37,06,07,10,,,,,,1.54,0.69,1.38,4*0F
1784361935.300,$GPGSV,3,1,12,10,38,347,37,12,21,096,30,13,25,091,43,18,50,177,46,1*62
1784361935.301,$GPGSV,3,2,12,23,54,038,41,24,17,037,30,25,31,136,26,28,39,218,40,1*65
1784361935.302,$GPGSV,3,3,12,32,34,301,39,40,34,258,40,41,62,233,46,42,68,219,45,1*63
1784361935.303,$GPGSV,3,1,09,10,38,347,37,12,21,096,36,13,25,091,43,18,50,177,44,6*6B
1784361935.304,$GPGSV,3,2,09,23,54,038,44,24,17,037,24,25,31,136,36,28,39,218,40,6*69
1784361935.305,$GPGSV,3,3,09,32,34,301,36,6*5B
1784361935.306,$GPGSV,2,1,05,15,03,067,,27,03,268,,29,03,164,,31,10,216,,0*62
1784361935.306,$GPGSV,2,2,05,31,10,216,,0*56
1784361935.307,$GLGSV,2,1,08,71,18,039,38,72,26,344,36,73,20,048,36,74,45,100,35,1*70
1784361935.310,$GLGSV,2,2,08,75,27,165,37,86,45,213,46,87,48,277,46,,,,35,1*49
1784361935.311,$GLGSV,2,1,07,71,18,039,40,72,26,344,35,73,20,048,39,75,27,165,30,3*7D
1784361935.312,$GLGSV,2,2,07,86,45,213,44,87,48,277,11,,,,36,3*76
1784361935.313,$GLGSV,1,1,02,65,07,296,,88,03,328,,0*78
1784361935.314,$GAGSV,2,1,08,03,45,302,44,05,37,016,46,15,24,323,41,16,14,092,34,2*71
1784361935.314,$GAGSV,2,2,08,25,21,140,32,32,30,272,47,34,75,293,50,36,45,157,47,2*74
1784361935.316,$GAGSV,2,1,08,03,45,302,32,05,37,016,43,15,24,323,31,16,14,092,22,7*70
1784361935.317,$GAGSV,2,2,08,25,21,140,34,32,30,272,43,34,75,293,47,36,45,157,42,7*70
1784361935.318,$GAGSV,1,1,03,02,07,190,,08,12,257,,09,00,051,,0*4C
1784361935.319,$GBGSV,2,1,08,06,48,051,39,07,79,094,48,09,45,008,46,10,76,147,44,1*71
1784361935.320,$GBGSV,2,2,08,11,40,249,41,20,35,342,34,30,36,212,46,37,53,096,46,1*7C
1784361935.320,$GBGSV,1,1,03,06,48,051,07,09,45,008,43,10,76,147,48,3*47
1784361935.321,$GBGSV,2,1,05,12,26,320,,19,10,299,,23,16,049,,27,07,163,,0*71
1784361935.322,$GBGSV,2,2,05,27,07,163,,0*44
1784361935.323,$GNGLL,1451.06245,N,10205.00893,E,080535.00,A,D*79
1784361936.294,$GNRMC,080536.00,A,1451.06245,N,10205.00893,E,0.016,,180726,0.76,W,R,V*4A
1784361936.295,$GNVTG,,T,,M,0.016,N,0.029,K,D*34
1784361936.296,$GNGGA,080536.00,1451.06245,N,10205.00893,E,4,12,0.69,260.5,M,-24.5,M,,0499*68
1784361936.297,$GNGSA,A,3,24,10,25,32,18,28,23,12,,,,,1.54,0.69,1.38,1*04
1784361936.298,$GNGSA,A,3,71,74,87,72,73,86,75,,,,,,1.54,0.69,1.38,2*00
1784361936.298,$GNGSA,A,3,25,15,03,36,16,34,05,,,,,,1.54,0.69,1.38,3*06
1784361936.299,$GNGSA,A,3,30,09,11,37,06,07,10,,,,,,1.54,0.69,1.38,4*0F
1784361936.300,$GPGSV,3,1,12,10,38,347,38,12,21,096,30,13,25,091,42,18,50,177,46,1*6C
1784361936.301,$GPGSV,3,2,12,23,54,038,41,24,17,037,30,25,31,136,28,28,39,218,38,1*64
1784361936.302,$GPGSV,3,3,12,32,34,301,39,40,34,258,40,41,62,233,46,42,68,219,45,1*63
1784361936.303,$GPGSV,3,1,09,10,38,347,36,12,21,096,37,13,25,091,43,18,50,177,43,6*6C
1784361936.304,$GPGSV,3,2,09,23,54,038,43,24,17,037,29,25,31,136,35,28,39,218,41,6*61
1784361936.305,$GPGSV,3,3,09,32,34,301,35,6*58
1784361936.306,$GPGSV,2,1,05,15,03,067,,27,03,268,,29,03,164,,31,10,216,,0*62
1784361936.306,$GPGSV,2,2,05,31,10,216,,0*56
1784361936.307,$GLGSV,2,1,08,71,18,039,35,72,26,344,33,73,20,048,37,74,45,100,33,1*7F
1784361936.309,$GLGSV,2,2,08,75,27,165,37,86,45,213,47,87,48,277,46,,,,35,1*48
1784361936.311,$GLGSV,2,1,07,71,18,039,41,72,26,344,38,73,20,048,40,75,27,165,22,3*7C
1784361936.312,$GLGSV,2,2,07,86,45,213,43,87,48,277,11,,,,33,3*74
1784361936.313,$GLGSV,1,1,02,65,07,296,,88,03,328,,0*78
1784361936.313,$GAGSV,2,1,08,03,45,302,45,05,37,016,46,15,24,323,41,16,14,092,34,2*70
1784361936.314,$GAGSV,2,2,08,25,21,140,33,32,30,272,47,34,75,293,50,36,45,157,48,2*7A
1784361936.316,$GAGSV,2,1,08,03,45,302,32,05,37,016,43,15,24,323,34,16,14,092,23,7*74
1784361936.317,$GAGSV,2,2,08,25,21,140,33,32,30,272,43,34,75,293,47,36,45,157,42,7*77
1784361936.318,$GAGSV,1,1,03,02,07,190,,08,12,257,,09,00,051,,0*4C
1784361936.319,$GBGSV,2,1,08,06,48,051,39,07,79,094,47,09,45,008,46,10,76,147,44,1*7E
1784361936.320,$GBGSV,2,2,08,11,40,249,42,20,35,342,36,30,36,212,46,37,53,096,47,1*7C
1784361936.321,$GBGSV,1,1,03,06,48,051,07,09,45,008,45,10,76,147,48,3*41
1784361936.321,$GBGSV,2,1,05,12,26,320,,19,10,299,,23,16,049,,27,07,163,,0*71
1784361936.322,$GBGSV,2,2,05,27,07,163,,0*44
1784361936.324,$GNGLL,1451.06245,N,10205.00893,E,080536.00,A,D*7A
